✔ batch permits fourteen exact units only and preserves old unknown/settled requests (880.6325ms)
✔ batch parallel and restart cannot repeat or skip a crashed request (189.6831ms)
✔ batch invalid usage or unknown failure preserves reservation and stops successors (293.316ms)
✔ batch changed grant, prefix, target, price expiry and order fail before dispatch (212.9544ms)
✔ batch held A01 is counted against total even after lawful new settlements (183.3925ms)
✔ paired04: 24 interleaved new requests preserve 32 old requests and A01 unknown across reopening (16593.211ms)
✔ paired04: grant limits, pairing, old baseline, input drift and skipped order reject without mutation (2985.8592ms)
✔ paired04: concurrent crash, unknown usage and remaining monetary cap stop next dispatch (8984.4162ms)
✔ candidate03 only appends eight D units to the original 24; restart and old prefix preserved (3316.4205ms)
✔ candidate03 rejects altered inputs, old candidate, limits, parent and request without journal mutation (1953.7645ms)
✔ candidate03 concurrent reserve, crash, duplicate usage and reopen cannot retry or release unknown (4142.6461ms)
✔ candidate02 appends eight original-A inputs; old unknown and all historical receipts survive (2671.8359ms)
✔ candidate02 validates grant/input/price/parent and cannot substitute old candidate (1056.8245ms)
✔ candidate02 concurrent reserve, crash and invalid usage never release or retry (3674.7645ms)
✔ candidate02 preserves ten yuan cap including held A01 (1169.7273ms)
✔ separate Node crash after recovery reservation cannot return the grant on reopen (203.6174ms)
✔ recovery rejects expired billing, changed limits and request payload before reservation (100.5875ms)
✔ one-shot A02 recovery preserves A01 unknown cost and prefix while normal completion cannot unlock A03 (181.9362ms)
✔ recovery competing callers and crash/reopen consume at most one new reservation without sending (135.712ms)
✔ recovery rejects changed prior, target, route and binding fields before ledger writes (622.7814ms)
✔ recovery rejects ordinary pending without the designated transport halt (115.5429ms)
✔ A02 invalid usage and uncertainty retain both reservations and never reopen the grant (252.9725ms)
✔ ambiguous decoded response keys retain full reserve, survive reopen and halt next dispatch (692.5635ms)
✔ valid decoded keys, ordering, whitespace and key-looking model text still settle normally (103.9223ms)
✔ conservative context envelope and integer settlement have no floating-point budget drift (0.28ms)
✔ normal request reserves durably before completion; only complete usage releases surplus (79.903ms)
✔ all 24 logical units share one ledger across reopened browser/runner handles (2002.6246ms)
✔ 10 yuan is checked using spent upper cost plus the next full reservation (103.4369ms)
✔ concurrent tabs cannot reserve twice; cross-instance overlap retains one pending request (50.8202ms)
✔ two independent Node processes cannot bypass the shared filesystem lock (135.8759ms)
✔ process restart after a durable reservation never resends or releases it (69.4658ms)
✔ timeout/unknown failure retains full reservation and permanently stops this book (79.0815ms)
✔ missing usage cannot settle or release the reservation (67.2108ms)
✔ mismatched total cannot settle or release the reservation (65.9858ms)
✔ zero tokens for nonempty input cannot settle or release the reservation (55.873ms)
✔ excess input cannot settle or release the reservation (63.5657ms)
✔ excess output cannot settle or release the reservation (70.1357ms)
✔ wrong model cannot settle or release the reservation (60.4055ms)
✔ incomplete response cannot settle or release the reservation (55.1415ms)
✔ unsupported reasoning cannot settle or release the reservation (53.8204ms)
✔ tools cannot settle or release the reservation (68.2758ms)
✔ string usage cannot settle or release the reservation (51.3062ms)
✔ even a parseable HTTP failure is not settled (43.0621ms)
✔ response reuse is a binding anomaly, not another cheap completed call (84.3658ms)
✔ price/context/protocol changes halt before dispatch; frozen requests cannot change (55.771ms)
✔ expired billing review and premature C are rejected (58.7691ms)
✔ returned snapshot cannot change the frozen request, including its byte length (78.7719ms)
✔ snapshot mutation cannot replace B inputs or permit an incompatible C candidate (1094.6895ms)
✔ a valid-prefix truncation is detected by the independent write-once receipts (66.8345ms)
✔ missing ledger and abandoned lock do not initialize a fresh allowance (57.4038ms)
✔ recomputing row hashes does not make a mismatched settlement valid (48.9608ms)
✔ manifest changes and response shape tricks fail without coercion (23.5798ms)
✔ pinned route sends no credentials to proxy and dispatches only after verified TLS, once (8.5465ms)
✔ proxy authentication demand and unverified TLS cannot send the API credential or body (0.3898ms)
✔ abort and alternative destination fail before opening a proxy connection (0.2369ms)
✔ the only successful path preserves raw response, binds usage and uses the fixed upstream without redirects (55.9841ms)
✔ D unit passes only when present in the exact budget snapshot; original AB gateway rejects it before secret access (29.2979ms)
✔ paired04 units require exact current budget membership; old gateway cannot dispatch them (21.3814ms)
✔ credential is not read at gateway initialization or on rejected origins and routes (25.5664ms)
✔ browser cannot supply a model, endpoint, request body, usage or alternative budget book (20.3546ms)
✔ missing credentials do not consume an allowance and are never reflected (26.1975ms)
✔ reserved request cannot be duplicated by a second gateway or service restart (59.1856ms)
✔ concurrent browser and runner cannot dispatch the same logical request twice (60.7393ms)
✔ HTTP failure stops dispatch, retains the full reserve and returns only a safe code (46.5756ms)
✔ redirect stops dispatch, retains the full reserve and returns only a safe code (46.7046ms)
✔ wrong content type stops dispatch, retains the full reserve and returns only a safe code (49.3532ms)
✔ response size exceeded stops dispatch, retains the full reserve and returns only a safe code (48.6063ms)
✔ credential echo stops dispatch, retains the full reserve and returns only a safe code (46.3877ms)
✔ usage missing stops dispatch, retains the full reserve and returns only a safe code (43.7895ms)
✔ model drift stops dispatch, retains the full reserve and returns only a safe code (48.3002ms)
✔ timeout aborts once; late completion cannot settle or append a second response (92.2889ms)
✔ raw-result storage failure cannot release money or silently claim success (43.4135ms)
✔ safe diagnostic DNS: classified without error text and unknown reserve survives reopening (59.5748ms)
✔ safe diagnostic connect timeout: classified without error text and unknown reserve survives reopening (63.608ms)
✔ safe diagnostic TLS: classified without error text and unknown reserve survives reopening (59.6508ms)
✔ safe diagnostic connection reset: classified without error text and unknown reserve survives reopening (69.7042ms)
✔ safe diagnostic unknown code: classified without error text and unknown reserve survives reopening (58.6057ms)
✔ safe diagnostic HTTP 401: classified without error text and unknown reserve survives reopening (58.8167ms)
✔ safe diagnostic HTTP 502: classified without error text and unknown reserve survives reopening (59.2089ms)
✔ safe diagnostic content type: classified without error text and unknown reserve survives reopening (65.8556ms)
✔ safe diagnostic body timeout: classified without error text and unknown reserve survives reopening (60.9924ms)
✔ safe diagnostic oversize: classified without error text and unknown reserve survives reopening (61.4507ms)
✔ safe diagnostic UTF8: classified without error text and unknown reserve survives reopening (60.0902ms)
✔ safe diagnostic JSON: classified without error text and unknown reserve survives reopening (62.289ms)
✔ safe diagnostic reflection: classified without error text and unknown reserve survives reopening (68.8052ms)
✔ safe diagnostic raw store: classified without error text and unknown reserve survives reopening (58.4987ms)
✔ safe diagnostic settlement: classified without error text and unknown reserve survives reopening (61.4803ms)
✔ diagnostic normal and missing-configuration controls do not alter raw success or consume a missing-key reservation (61.0986ms)
✔ diagnostic uses descriptors not error getters, and never exports arbitrary error properties (35.3315ms)
✔ local deadline diagnostic remains distinct from transport timeout and late headers cannot rewrite it (94.5942ms)
✔ uncertainty persistence failure is visible without releasing or retrying the reserved call (39.0978ms)
✔ frozen request object cannot be swapped after gateway creation (34.5853ms)
✔ unapproved parameters and non-text content fail before any gateway can be created (27.1827ms)
✔ JSON escaped output value cannot reach recording, response or settlement (83.3951ms)
✔ JSON escaped object key cannot reach recording, response or settlement (66.6968ms)
✔ nested model JSON value cannot reach recording, response or settlement (67.5983ms)
✔ nested model JSON key cannot reach recording, response or settlement (62.2922ms)
✔ twice nested model JSON cannot reach recording, response or settlement (65.2157ms)
✔ discarded duplicate JSON property cannot reach recording, response or settlement (68.8239ms)
✔ normal escaped Chinese and nested JSON retain exact raw bytes and can be recorded and settled (49.6617ms)
ℹ tests 100
ℹ suites 0
ℹ pass 100
ℹ fail 0
ℹ cancelled 0
ℹ skipped 0
ℹ todo 0
ℹ duration_ms 55563.2442
