✔ batch permits fourteen exact units only and preserves old unknown/settled requests (828.828ms)
✔ batch parallel and restart cannot repeat or skip a crashed request (163.6ms)
✔ batch invalid usage or unknown failure preserves reservation and stops successors (279.5174ms)
✔ batch changed grant, prefix, target, price expiry and order fail before dispatch (192.1761ms)
✔ batch held A01 is counted against total even after lawful new settlements (155.5222ms)
✔ paired05: new price/model, 24 bounded calls, old 56 and unknown reserve survive restart (15752.3204ms)
✔ paired05: altered grant/policy, wrong identity and duplicate usage never release unknown reserve (6835.0821ms)
✔ paired04: 24 interleaved new requests preserve 32 old requests and A01 unknown across reopening (9313.9155ms)
✔ paired04: grant limits, pairing, old baseline, input drift and skipped order reject without mutation (2754.7877ms)
✔ paired04: concurrent crash, unknown usage and remaining monetary cap stop next dispatch (8349.1538ms)
✔ candidate03 only appends eight D units to the original 24; restart and old prefix preserved (3093.5894ms)
✔ candidate03 rejects altered inputs, old candidate, limits, parent and request without journal mutation (1776.3857ms)
✔ candidate03 concurrent reserve, crash, duplicate usage and reopen cannot retry or release unknown (3716.6849ms)
✔ candidate02 appends eight original-A inputs; old unknown and all historical receipts survive (2294.6757ms)
✔ candidate02 validates grant/input/price/parent and cannot substitute old candidate (951.7822ms)
✔ candidate02 concurrent reserve, crash and invalid usage never release or retry (2955.6897ms)
✔ candidate02 preserves ten yuan cap including held A01 (914.7733ms)
✔ separate Node crash after recovery reservation cannot return the grant on reopen (165.1826ms)
✔ recovery rejects expired billing, changed limits and request payload before reservation (76.6653ms)
✔ one-shot A02 recovery preserves A01 unknown cost and prefix while normal completion cannot unlock A03 (121.8755ms)
✔ recovery competing callers and crash/reopen consume at most one new reservation without sending (85.4406ms)
✔ recovery rejects changed prior, target, route and binding fields before ledger writes (447.9776ms)
✔ recovery rejects ordinary pending without the designated transport halt (62.75ms)
✔ A02 invalid usage and uncertainty retain both reservations and never reopen the grant (202.3382ms)
✔ ambiguous decoded response keys retain full reserve, survive reopen and halt next dispatch (608.9234ms)
✔ valid decoded keys, ordering, whitespace and key-looking model text still settle normally (71.5304ms)
✔ conservative context envelope and integer settlement have no floating-point budget drift (0.2958ms)
✔ normal request reserves durably before completion; only complete usage releases surplus (59.8152ms)
✔ all 24 logical units share one ledger across reopened browser/runner handles (1819.8081ms)
✔ 10 yuan is checked using spent upper cost plus the next full reservation (116.9139ms)
✔ concurrent tabs cannot reserve twice; cross-instance overlap retains one pending request (59.1088ms)
✔ two independent Node processes cannot bypass the shared filesystem lock (122.8561ms)
✔ process restart after a durable reservation never resends or releases it (58.2161ms)
✔ timeout/unknown failure retains full reservation and permanently stops this book (56.1483ms)
✔ missing usage cannot settle or release the reservation (45.8736ms)
✔ mismatched total cannot settle or release the reservation (46.231ms)
✔ zero tokens for nonempty input cannot settle or release the reservation (49.9738ms)
✔ excess input cannot settle or release the reservation (44.1511ms)
✔ excess output cannot settle or release the reservation (42.7413ms)
✔ wrong model cannot settle or release the reservation (42.4867ms)
✔ incomplete response cannot settle or release the reservation (45.9472ms)
✔ unsupported reasoning cannot settle or release the reservation (43.1759ms)
✔ tools cannot settle or release the reservation (46.495ms)
✔ string usage cannot settle or release the reservation (63.8476ms)
✔ even a parseable HTTP failure is not settled (40.9653ms)
✔ response reuse is a binding anomaly, not another cheap completed call (60.6053ms)
✔ price/context/protocol changes halt before dispatch; frozen requests cannot change (42.9729ms)
✔ expired billing review and premature C are rejected (40.8254ms)
✔ returned snapshot cannot change the frozen request, including its byte length (58.3821ms)
✔ snapshot mutation cannot replace B inputs or permit an incompatible C candidate (948.5692ms)
✔ a valid-prefix truncation is detected by the independent write-once receipts (41.2358ms)
✔ missing ledger and abandoned lock do not initialize a fresh allowance (38.8957ms)
✔ recomputing row hashes does not make a mismatched settlement valid (47.9465ms)
✔ manifest changes and response shape tricks fail without coercion (16.9097ms)
✔ pinned route sends no credentials to proxy and dispatches only after verified TLS, once (8.3302ms)
✔ proxy authentication demand and unverified TLS cannot send the API credential or body (0.3549ms)
✔ abort and alternative destination fail before opening a proxy connection (0.2276ms)
✔ the only successful path preserves raw response, binds usage and uses the fixed upstream without redirects (54.0484ms)
✔ D unit passes only when present in the exact budget snapshot; original AB gateway rejects it before secret access (22.9496ms)
✔ paired04 units require exact current budget membership; old gateway cannot dispatch them (21.8918ms)
✔ credential is not read at gateway initialization or on rejected origins and routes (26.0261ms)
✔ browser cannot supply a model, endpoint, request body, usage or alternative budget book (20.2576ms)
✔ missing credentials do not consume an allowance and are never reflected (26.1169ms)
✔ reserved request cannot be duplicated by a second gateway or service restart (56.7096ms)
✔ concurrent browser and runner cannot dispatch the same logical request twice (55.9938ms)
✔ HTTP failure stops dispatch, retains the full reserve and returns only a safe code (50.8321ms)
✔ redirect stops dispatch, retains the full reserve and returns only a safe code (46.1617ms)
✔ wrong content type stops dispatch, retains the full reserve and returns only a safe code (46.5646ms)
✔ response size exceeded stops dispatch, retains the full reserve and returns only a safe code (46.4815ms)
✔ credential echo stops dispatch, retains the full reserve and returns only a safe code (47.9857ms)
✔ usage missing stops dispatch, retains the full reserve and returns only a safe code (43.7257ms)
✔ model drift stops dispatch, retains the full reserve and returns only a safe code (44.3157ms)
✔ timeout aborts once; late completion cannot settle or append a second response (99.7777ms)
✔ raw-result storage failure cannot release money or silently claim success (39.135ms)
✔ safe diagnostic DNS: classified without error text and unknown reserve survives reopening (58.6033ms)
✔ safe diagnostic connect timeout: classified without error text and unknown reserve survives reopening (57.3844ms)
✔ safe diagnostic TLS: classified without error text and unknown reserve survives reopening (57.0355ms)
✔ safe diagnostic connection reset: classified without error text and unknown reserve survives reopening (58.5572ms)
✔ safe diagnostic unknown code: classified without error text and unknown reserve survives reopening (57.4376ms)
✔ safe diagnostic HTTP 401: classified without error text and unknown reserve survives reopening (67.1662ms)
✔ safe diagnostic HTTP 502: classified without error text and unknown reserve survives reopening (58.9269ms)
✔ safe diagnostic content type: classified without error text and unknown reserve survives reopening (55.9693ms)
✔ safe diagnostic body timeout: classified without error text and unknown reserve survives reopening (56.9515ms)
✔ safe diagnostic oversize: classified without error text and unknown reserve survives reopening (60.3433ms)
✔ safe diagnostic UTF8: classified without error text and unknown reserve survives reopening (57.131ms)
✔ safe diagnostic JSON: classified without error text and unknown reserve survives reopening (58.9425ms)
✔ safe diagnostic reflection: classified without error text and unknown reserve survives reopening (57.1802ms)
✔ safe diagnostic raw store: classified without error text and unknown reserve survives reopening (54.9084ms)
✔ safe diagnostic settlement: classified without error text and unknown reserve survives reopening (56.5803ms)
✔ diagnostic normal and missing-configuration controls do not alter raw success or consume a missing-key reservation (53.8289ms)
✔ diagnostic uses descriptors not error getters, and never exports arbitrary error properties (31.7715ms)
✔ local deadline diagnostic remains distinct from transport timeout and late headers cannot rewrite it (92.9448ms)
✔ uncertainty persistence failure is visible without releasing or retrying the reserved call (34.407ms)
✔ frozen request object cannot be swapped after gateway creation (31.4933ms)
✔ unapproved parameters and non-text content fail before any gateway can be created (24.9374ms)
✔ JSON escaped output value cannot reach recording, response or settlement (64.1801ms)
✔ JSON escaped object key cannot reach recording, response or settlement (58.9766ms)
✔ nested model JSON value cannot reach recording, response or settlement (59.464ms)
✔ nested model JSON key cannot reach recording, response or settlement (62.6734ms)
✔ twice nested model JSON cannot reach recording, response or settlement (58.9701ms)
✔ discarded duplicate JSON property cannot reach recording, response or settlement (57.1148ms)
✔ normal escaped Chinese and nested JSON retain exact raw bytes and can be recorded and settled (48.0379ms)
ℹ tests 102
ℹ suites 0
ℹ pass 102
ℹ fail 0
ℹ cancelled 0
ℹ skipped 0
ℹ todo 0
ℹ duration_ms 66365.0022
