
 RUN  v3.2.7 C:/Users/Winner/student-affairs-multimodal-exp

·········xxx·············

⎯⎯⎯⎯⎯⎯⎯ Failed Tests 3 ⎯⎯⎯⎯⎯⎯⎯

 FAIL  src/experiments/realInput01/modelWire.test.ts > real input wire projection (zero model calls) > scorer rejects an unsupported displayed task title while retaining the original control
 FAIL  src/experiments/realInput01/modelWire.test.ts > real input wire projection (zero model calls) > scorer rejects an unsupported displayed task description while retaining the original control
AssertionError: expected true to be false // Object.is equality

- Expected
+ Received

- false
+ true

 ❯ src/experiments/realInput01/modelWire.test.ts:33:32
     31|     envelope.output[0].content[0].text=JSON.stringify(wire)
     32|     const score=await scoreSeenResponse(JSON.stringify(envelope),origi…
     33|     expect(score.completeCase).toBe(false)
       |                                ^
     34|     expect(score.majorCorrectionRequired).toBe(true)
     35|     expect(score.metrics.semantic.falsePositive).toBeGreaterThan(0)

⎯⎯⎯⎯⎯⎯⎯⎯⎯⎯⎯⎯⎯⎯⎯⎯⎯⎯⎯⎯⎯⎯⎯⎯[1/3]⎯

 FAIL  src/experiments/realInput01/modelWire.test.ts > real input wire projection (zero model calls) > scorer rejects an unsupported displayed task completionCriteria while retaining the original control
Error: SEMANTIC_SHAPE_INVALID
 ❯ parseSemanticInput src/experiments/mainline04/semanticContract.ts:138:51
    136| export function parseSemanticInput(value: unknown): SemanticInput {
    137|   const copy = plainJson(value)
    138|   if (!matches(copy, SEMANTIC_JSON_SCHEMA)) throw new Error('SEMANTIC_…
       |                                                   ^
    139|   return copy as SemanticInput
    140| }
 ❯ adaptModelWire src/experiments/realInput01/modelWire.ts:59:19
 ❯ parseModelEnvelope src/experiments/realInput01/modelWire.ts:118:19
 ❯ scoreSeenResponse src/experiments/realInput01/evaluation.ts:59:15
 ❯ src/experiments/realInput01/modelWire.test.ts:32:17

⎯⎯⎯⎯⎯⎯⎯⎯⎯⎯⎯⎯⎯⎯⎯⎯⎯⎯⎯⎯⎯⎯⎯⎯[2/3]⎯


 Test Files  1 failed (1)
      Tests  3 failed | 22 passed (25)
   Start at  11:21:54
   Duration  1.62s (transform 148ms, setup 0ms, collect 190ms, tests 88ms, environment 0ms, prepare 706ms)

