✔ ambiguous decoded response keys retain full reserve, survive reopen and halt next dispatch (594.5294ms)
✔ valid decoded keys, ordering, whitespace and key-looking model text still settle normally (73.084ms)
✔ conservative context envelope and integer settlement have no floating-point budget drift (0.2669ms)
✔ normal request reserves durably before completion; only complete usage releases surplus (60.7997ms)
✔ all 24 logical units share one ledger across reopened browser/runner handles (1694.1419ms)
✔ 10 yuan is checked using spent upper cost plus the next full reservation (82.9202ms)
✔ concurrent tabs cannot reserve twice; cross-instance overlap retains one pending request (34.676ms)
✔ two independent Node processes cannot bypass the shared filesystem lock (116.1771ms)
✔ process restart after a durable reservation never resends or releases it (44.5537ms)
✔ timeout/unknown failure retains full reservation and permanently stops this book (47.8376ms)
✔ missing usage cannot settle or release the reservation (45.3173ms)
✔ mismatched total cannot settle or release the reservation (41.2241ms)
✔ zero tokens for nonempty input cannot settle or release the reservation (41.9703ms)
✔ excess input cannot settle or release the reservation (38.4044ms)
✔ excess output cannot settle or release the reservation (45.7337ms)
✔ wrong model cannot settle or release the reservation (44.3607ms)
✔ incomplete response cannot settle or release the reservation (49.5864ms)
✔ unsupported reasoning cannot settle or release the reservation (46.9927ms)
✔ tools cannot settle or release the reservation (45.3964ms)
✔ string usage cannot settle or release the reservation (45.1941ms)
✔ even a parseable HTTP failure is not settled (46.7964ms)
✔ response reuse is a binding anomaly, not another cheap completed call (58.7424ms)
✔ price/context/protocol changes halt before dispatch; frozen requests cannot change (43.787ms)
✔ expired billing review and premature C are rejected (36.0428ms)
✔ returned snapshot cannot change the frozen request, including its byte length (62.6905ms)
✔ snapshot mutation cannot replace B inputs or permit an incompatible C candidate (866.3547ms)
✔ a valid-prefix truncation is detected by the independent write-once receipts (45.8491ms)
✔ missing ledger and abandoned lock do not initialize a fresh allowance (45.7004ms)
✔ recomputing row hashes does not make a mismatched settlement valid (42.3533ms)
✔ manifest changes and response shape tricks fail without coercion (20.5051ms)
✔ the only successful path preserves raw response, binds usage and uses the fixed upstream without redirects (73.4317ms)
✔ credential is not read at gateway initialization or on rejected origins and routes (32.2173ms)
✔ browser cannot supply a model, endpoint, request body, usage or alternative budget book (20.6817ms)
✔ missing credentials do not consume an allowance and are never reflected (25.2907ms)
✔ reserved request cannot be duplicated by a second gateway or service restart (58.7291ms)
✔ concurrent browser and runner cannot dispatch the same logical request twice (61.3229ms)
✔ HTTP failure stops dispatch, retains the full reserve and returns only a safe code (50.0572ms)
✔ redirect stops dispatch, retains the full reserve and returns only a safe code (53.5813ms)
✔ wrong content type stops dispatch, retains the full reserve and returns only a safe code (52.1878ms)
✔ response size exceeded stops dispatch, retains the full reserve and returns only a safe code (53.5767ms)
✔ credential echo stops dispatch, retains the full reserve and returns only a safe code (50.2682ms)
✔ usage missing stops dispatch, retains the full reserve and returns only a safe code (50.3479ms)
✔ model drift stops dispatch, retains the full reserve and returns only a safe code (49.7365ms)
✔ timeout aborts once; late completion cannot settle or append a second response (108.286ms)
✔ raw-result storage failure cannot release money or silently claim success (50.1763ms)
✔ frozen request object cannot be swapped after gateway creation (41.0637ms)
✔ unapproved parameters and non-text content fail before any gateway can be created (31.3115ms)
✔ JSON escaped output value cannot reach recording, response or settlement (68.2962ms)
✔ JSON escaped object key cannot reach recording, response or settlement (70.0596ms)
✔ nested model JSON value cannot reach recording, response or settlement (67.8993ms)
✔ nested model JSON key cannot reach recording, response or settlement (70.3492ms)
✔ twice nested model JSON cannot reach recording, response or settlement (69.5696ms)
✔ discarded duplicate JSON property cannot reach recording, response or settlement (69.3749ms)
✔ normal escaped Chinese and nested JSON retain exact raw bytes and can be recorded and settled (50.6868ms)
ℹ tests 54
ℹ suites 0
ℹ pass 54
ℹ fail 0
ℹ cancelled 0
ℹ skipped 0
ℹ todo 0
ℹ duration_ms 4577.3721
