✖ ambiguous decoded response keys retain full reserve, survive reopen and halt next dispatch (53.4141ms)
✔ valid decoded keys, ordering, whitespace and key-looking model text still settle normally (93.2364ms)
✔ conservative context envelope and integer settlement have no floating-point budget drift (0.2711ms)
✔ normal request reserves durably before completion; only complete usage releases surplus (77.2323ms)
✔ all 24 logical units share one ledger across reopened browser/runner handles (1842.4542ms)
✔ 10 yuan is checked using spent upper cost plus the next full reservation (87.3592ms)
✔ concurrent tabs cannot reserve twice; cross-instance overlap retains one pending request (38.4952ms)
✔ two independent Node processes cannot bypass the shared filesystem lock (126.4944ms)
✔ process restart after a durable reservation never resends or releases it (53.8967ms)
✔ timeout/unknown failure retains full reservation and permanently stops this book (57.5053ms)
✔ missing usage cannot settle or release the reservation (45.12ms)
✔ mismatched total cannot settle or release the reservation (46.2856ms)
✔ zero tokens for nonempty input cannot settle or release the reservation (43.3127ms)
✔ excess input cannot settle or release the reservation (46.4694ms)
✔ excess output cannot settle or release the reservation (47.6405ms)
✔ wrong model cannot settle or release the reservation (46.3591ms)
✔ incomplete response cannot settle or release the reservation (42.5948ms)
✔ unsupported reasoning cannot settle or release the reservation (43.3794ms)
✔ tools cannot settle or release the reservation (39.6535ms)
✔ string usage cannot settle or release the reservation (45.6292ms)
✔ even a parseable HTTP failure is not settled (35.2669ms)
✔ response reuse is a binding anomaly, not another cheap completed call (52.7854ms)
✔ price/context/protocol changes halt before dispatch; frozen requests cannot change (45.814ms)
✔ expired billing review and premature C are rejected (41.9829ms)
✔ returned snapshot cannot change the frozen request, including its byte length (60.9657ms)
✔ snapshot mutation cannot replace B inputs or permit an incompatible C candidate (933.9325ms)
✔ a valid-prefix truncation is detected by the independent write-once receipts (49.3979ms)
✔ missing ledger and abandoned lock do not initialize a fresh allowance (56.5279ms)
✔ recomputing row hashes does not make a mismatched settlement valid (45.3291ms)
✔ manifest changes and response shape tricks fail without coercion (20.2515ms)
✔ the only successful path preserves raw response, binds usage and uses the fixed upstream without redirects (79.9949ms)
✔ credential is not read at gateway initialization or on rejected origins and routes (30.5745ms)
✔ browser cannot supply a model, endpoint, request body, usage or alternative budget book (31.7395ms)
✔ missing credentials do not consume an allowance and are never reflected (31.6823ms)
✔ reserved request cannot be duplicated by a second gateway or service restart (73.3388ms)
✔ concurrent browser and runner cannot dispatch the same logical request twice (64.9156ms)
✔ HTTP failure stops dispatch, retains the full reserve and returns only a safe code (55.0183ms)
✔ redirect stops dispatch, retains the full reserve and returns only a safe code (51.789ms)
✔ wrong content type stops dispatch, retains the full reserve and returns only a safe code (58.8114ms)
✔ response size exceeded stops dispatch, retains the full reserve and returns only a safe code (61.9708ms)
✔ credential echo stops dispatch, retains the full reserve and returns only a safe code (57.2393ms)
✔ usage missing stops dispatch, retains the full reserve and returns only a safe code (55.4513ms)
✔ model drift stops dispatch, retains the full reserve and returns only a safe code (56.3946ms)
✔ timeout aborts once; late completion cannot settle or append a second response (104.4537ms)
✔ raw-result storage failure cannot release money or silently claim success (46.8742ms)
✔ frozen request object cannot be swapped after gateway creation (37.5296ms)
✔ unapproved parameters and non-text content fail before any gateway can be created (37.0733ms)
✔ JSON escaped output value cannot reach recording, response or settlement (81.1076ms)
✔ JSON escaped object key cannot reach recording, response or settlement (82.4059ms)
✔ nested model JSON value cannot reach recording, response or settlement (86.1108ms)
✔ nested model JSON key cannot reach recording, response or settlement (77.0327ms)
✔ twice nested model JSON cannot reach recording, response or settlement (72.9161ms)
✔ discarded duplicate JSON property cannot reach recording, response or settlement (81.6748ms)
✔ normal escaped Chinese and nested JSON retain exact raw bytes and can be recorded and settled (57.5476ms)
ℹ tests 54
ℹ suites 0
ℹ pass 53
ℹ fail 1
ℹ cancelled 0
ℹ skipped 0
ℹ todo 0
ℹ duration_ms 4298.8952

✖ failing tests:

test at scripts\real-input-budget.node-test.mjs:44:3
✖ ambiguous decoded response keys retain full reserve, survive reopen and halt next dispatch (53.4141ms)
  AssertionError [ERR_ASSERTION]: Missing expected rejection.
      at async TestContext.<anonymous> (file:///C:/Users/Winner/student-affairs-multimodal-exp/scripts/real-input-budget.node-test.mjs:61:7)
      at async Test.run (node:internal/test_runner/test:1332:7)
      at async startSubtestAfterBootstrap (node:internal/test_runner/harness:385:3) {
    generatedMessage: false,
    code: 'ERR_ASSERTION',
    actual: undefined,
    expected: /RESPONSE_OR_USAGE_INVALID/,
    operator: 'rejects',
    diff: 'simple'
  }
