warning: in the working copy of 'scripts/check-mainline-real-input-01.mjs', LF will be replaced by CRLF the next time Git touches it
warning: in the working copy of 'scripts/check-mainline-real-input-01.node-test.mjs', LF will be replaced by CRLF the next time Git touches it
warning: in the working copy of 'scripts/real-input-budget.mjs', LF will be replaced by CRLF the next time Git touches it
warning: in the working copy of 'scripts/real-input-budget.node-test.mjs', LF will be replaced by CRLF the next time Git touches it
warning: in the working copy of 'scripts/real-input-model-gateway.mjs', LF will be replaced by CRLF the next time Git touches it
warning: in the working copy of 'scripts/real-input-model-gateway.node-test.mjs', LF will be replaced by CRLF the next time Git touches it
warning: in the working copy of 'scripts/run-mainline-real-input-01.mjs', LF will be replaced by CRLF the next time Git touches it
warning: in the working copy of 'scripts/serve-mainline-real-input-01.mjs', LF will be replaced by CRLF the next time Git touches it
warning: in the working copy of 'src/experiments/mainline05/semanticCapture.ts', LF will be replaced by CRLF the next time Git touches it
warning: in the working copy of 'src/experiments/mainline05/semanticRepository.ts', LF will be replaced by CRLF the next time Git touches it
warning: in the working copy of 'src/experiments/mainline05/semanticState.ts', LF will be replaced by CRLF the next time Git touches it
warning: in the working copy of 'src/experiments/realInput01/acceptance.test.tsx', LF will be replaced by CRLF the next time Git touches it
warning: in the working copy of 'src/experiments/realInput01/browser.tsx', LF will be replaced by CRLF the next time Git touches it
warning: in the working copy of 'src/experiments/realInput01/modelWire.ts', LF will be replaced by CRLF the next time Git touches it
warning: in the working copy of 'src/experiments/realInput01/runtime.ts', LF will be replaced by CRLF the next time Git touches it
✔ paired06 exact current grant and all historical request bodies construct without credentials or dispatch (1592.9695ms)
ℹ tests 1
ℹ suites 0
ℹ pass 1
ℹ fail 0
ℹ cancelled 0
ℹ skipped 0
ℹ todo 0
ℹ duration_ms 1713.5105
