✔ batch permits fourteen exact units only and preserves old unknown/settled requests (897.8208ms)
✔ batch parallel and restart cannot repeat or skip a crashed request (179.683ms)
✔ batch invalid usage or unknown failure preserves reservation and stops successors (306.4945ms)
✔ batch changed grant, prefix, target, price expiry and order fail before dispatch (220.0037ms)
✔ batch held A01 is counted against total even after lawful new settlements (177.6682ms)
✔ paired06: balanced shuffled pairs settle once through 104; original 80 and receipts stay intact (30826.7998ms)
✔ paired06: invalid parent, duplicate pair, candidate/input drift, unbalanced order and price reject before mutation (17423.1541ms)
✔ paired06: concurrency and crash preserve full unknown reserve; restart cannot retry or dispatch successor (15373.8186ms)
✔ paired06: repeated or ambiguous response identity/usage never releases a reservation (30274.1992ms)
✔ paired05: new price/model, 24 bounded calls, old 56 and unknown reserve survive restart (19572.0422ms)
✔ paired05: altered grant/policy, wrong identity and duplicate usage never release unknown reserve (8854.8265ms)
✔ paired04: 24 interleaved new requests preserve 32 old requests and A01 unknown across reopening (11369.8312ms)
✔ paired04: grant limits, pairing, old baseline, input drift and skipped order reject without mutation (2884.0469ms)
✔ paired04: concurrent crash, unknown usage and remaining monetary cap stop next dispatch (9293.539ms)
✔ candidate03 only appends eight D units to the original 24; restart and old prefix preserved (3563.5817ms)
✔ candidate03 rejects altered inputs, old candidate, limits, parent and request without journal mutation (1837.6154ms)
✔ candidate03 concurrent reserve, crash, duplicate usage and reopen cannot retry or release unknown (3692.7279ms)
✔ candidate02 appends eight original-A inputs; old unknown and all historical receipts survive (2859.0753ms)
✔ candidate02 validates grant/input/price/parent and cannot substitute old candidate (1226.656ms)
✔ candidate02 concurrent reserve, crash and invalid usage never release or retry (3721.1534ms)
✔ candidate02 preserves ten yuan cap including held A01 (1095.1084ms)
✔ separate Node crash after recovery reservation cannot return the grant on reopen (188.748ms)
✔ recovery rejects expired billing, changed limits and request payload before reservation (90.8042ms)
✔ one-shot A02 recovery preserves A01 unknown cost and prefix while normal completion cannot unlock A03 (145.9118ms)
✔ recovery competing callers and crash/reopen consume at most one new reservation without sending (103.496ms)
✔ recovery rejects changed prior, target, route and binding fields before ledger writes (512.2232ms)
✔ recovery rejects ordinary pending without the designated transport halt (76.6105ms)
✔ A02 invalid usage and uncertainty retain both reservations and never reopen the grant (236.8845ms)
✔ ambiguous decoded response keys retain full reserve, survive reopen and halt next dispatch (635.3323ms)
✔ valid decoded keys, ordering, whitespace and key-looking model text still settle normally (83.6613ms)
✔ conservative context envelope and integer settlement have no floating-point budget drift (0.3178ms)
✔ normal request reserves durably before completion; only complete usage releases surplus (72.2256ms)
✔ all 24 logical units share one ledger across reopened browser/runner handles (2109.193ms)
✔ 10 yuan is checked using spent upper cost plus the next full reservation (112.232ms)
✔ concurrent tabs cannot reserve twice; cross-instance overlap retains one pending request (45.2995ms)
✔ two independent Node processes cannot bypass the shared filesystem lock (130.23ms)
✔ process restart after a durable reservation never resends or releases it (56.1653ms)
✔ timeout/unknown failure retains full reservation and permanently stops this book (57.8109ms)
✔ missing usage cannot settle or release the reservation (50.7627ms)
✔ mismatched total cannot settle or release the reservation (50.5212ms)
✔ zero tokens for nonempty input cannot settle or release the reservation (53.2823ms)
✔ excess input cannot settle or release the reservation (50.8247ms)
✔ excess output cannot settle or release the reservation (50.7087ms)
✔ wrong model cannot settle or release the reservation (74.0115ms)
✔ incomplete response cannot settle or release the reservation (48.387ms)
✔ unsupported reasoning cannot settle or release the reservation (49.1836ms)
✔ tools cannot settle or release the reservation (47.803ms)
✔ string usage cannot settle or release the reservation (47.0483ms)
✔ even a parseable HTTP failure is not settled (40.6893ms)
✔ response reuse is a binding anomaly, not another cheap completed call (65.6561ms)
✔ price/context/protocol changes halt before dispatch; frozen requests cannot change (42.9692ms)
✔ expired billing review and premature C are rejected (36.687ms)
✔ returned snapshot cannot change the frozen request, including its byte length (57.9424ms)
✔ snapshot mutation cannot replace B inputs or permit an incompatible C candidate (967.5023ms)
✔ a valid-prefix truncation is detected by the independent write-once receipts (50.0206ms)
✔ missing ledger and abandoned lock do not initialize a fresh allowance (50.2455ms)
✔ recomputing row hashes does not make a mismatched settlement valid (45.7298ms)
✔ manifest changes and response shape tricks fail without coercion (19.9523ms)
✔ paired08: twenty balanced pairs append through 168 under the explicit twenty-yuan cap (72109.1107ms)
✔ paired07: balanced shuffled pairs settle once through 128; original 104 and receipts stay intact (38598.0137ms)
✔ paired07: invalid parent, duplicate pair, candidate/input drift, unbalanced order and price reject before mutation (25992.9862ms)
✔ paired07: concurrency and crash preserve full unknown reserve; restart cannot retry or dispatch successor (22393.3781ms)
✔ paired07: repeated or ambiguous response identity/usage never releases a reservation (43904.0904ms)
✔ paired09: preserved 168 prefix, reject drift and settle forty exactly once (76417.6886ms)
ℹ tests 64
ℹ suites 0
ℹ pass 64
ℹ fail 0
ℹ cancelled 0
ℹ skipped 0
ℹ todo 0
ℹ duration_ms 451738.9032
