✔ pinned route sends no credentials to proxy and dispatches only after verified TLS, once (5.8106ms)
✔ proxy authentication demand and unverified TLS cannot send the API credential or body (0.3915ms)
✔ abort and alternative destination fail before opening a proxy connection (0.2853ms)
✔ the only successful path preserves raw response, binds usage and uses the fixed upstream without redirects (58.8627ms)
✔ D unit passes only when present in the exact budget snapshot; original AB gateway rejects it before secret access (26.8296ms)
✔ paired04 units require exact current budget membership; old gateway cannot dispatch them (24.5327ms)
✔ paired06: Q membership requires explicit new policy and dispatches exactly the frozen new-model body (1.0121ms)
✔ credential is not read at gateway initialization or on rejected origins and routes (25.8636ms)
✔ browser cannot supply a model, endpoint, request body, usage or alternative budget book (20.7912ms)
✔ missing credentials do not consume an allowance and are never reflected (27.3073ms)
✔ reserved request cannot be duplicated by a second gateway or service restart (57.9041ms)
✔ concurrent browser and runner cannot dispatch the same logical request twice (49.3936ms)
✔ HTTP failure stops dispatch, retains the full reserve and returns only a safe code (48.5587ms)
✔ redirect stops dispatch, retains the full reserve and returns only a safe code (46.7896ms)
✔ wrong content type stops dispatch, retains the full reserve and returns only a safe code (52.7987ms)
✔ response size exceeded stops dispatch, retains the full reserve and returns only a safe code (48.213ms)
✔ credential echo stops dispatch, retains the full reserve and returns only a safe code (50.7551ms)
✔ usage missing stops dispatch, retains the full reserve and returns only a safe code (47.3711ms)
✔ model drift stops dispatch, retains the full reserve and returns only a safe code (50.5254ms)
✔ timeout aborts once; late completion cannot settle or append a second response (93.9701ms)
✔ raw-result storage failure cannot release money or silently claim success (41.5653ms)
✔ safe diagnostic DNS: classified without error text and unknown reserve survives reopening (61.1488ms)
✔ safe diagnostic connect timeout: classified without error text and unknown reserve survives reopening (65.8477ms)
✔ safe diagnostic TLS: classified without error text and unknown reserve survives reopening (61.0611ms)
✔ safe diagnostic connection reset: classified without error text and unknown reserve survives reopening (67.4787ms)
✔ safe diagnostic unknown code: classified without error text and unknown reserve survives reopening (63.8871ms)
✔ safe diagnostic HTTP 401: classified without error text and unknown reserve survives reopening (65.9238ms)
✔ safe diagnostic HTTP 502: classified without error text and unknown reserve survives reopening (62.9369ms)
✔ safe diagnostic content type: classified without error text and unknown reserve survives reopening (63.6516ms)
✔ safe diagnostic body timeout: classified without error text and unknown reserve survives reopening (64.2489ms)
✔ safe diagnostic oversize: classified without error text and unknown reserve survives reopening (61.4674ms)
✔ safe diagnostic UTF8: classified without error text and unknown reserve survives reopening (57.9931ms)
✔ safe diagnostic JSON: classified without error text and unknown reserve survives reopening (60.3196ms)
✔ safe diagnostic reflection: classified without error text and unknown reserve survives reopening (58.6866ms)
✔ safe diagnostic raw store: classified without error text and unknown reserve survives reopening (61.3239ms)
✔ safe diagnostic settlement: classified without error text and unknown reserve survives reopening (69.1732ms)
✔ diagnostic normal and missing-configuration controls do not alter raw success or consume a missing-key reservation (58.3304ms)
✔ diagnostic uses descriptors not error getters, and never exports arbitrary error properties (35.0225ms)
✔ local deadline diagnostic remains distinct from transport timeout and late headers cannot rewrite it (98.2175ms)
✔ uncertainty persistence failure is visible without releasing or retrying the reserved call (37.7955ms)
✔ frozen request object cannot be swapped after gateway creation (35.7689ms)
✔ unapproved parameters and non-text content fail before any gateway can be created (30.829ms)
✔ JSON escaped output value cannot reach recording, response or settlement (68.8162ms)
✔ JSON escaped object key cannot reach recording, response or settlement (68.8454ms)
✔ nested model JSON value cannot reach recording, response or settlement (65.6495ms)
✔ nested model JSON key cannot reach recording, response or settlement (67.0884ms)
✔ twice nested model JSON cannot reach recording, response or settlement (70.4777ms)
✔ discarded duplicate JSON property cannot reach recording, response or settlement (63.5634ms)
✔ paired07: R membership requires explicit new policy and dispatches exactly the frozen new-model body (1.164ms)
✔ paired08: S/T membership requires the new policy and keeps text-only identity (0.6028ms)
✔ normal escaped Chinese and nested JSON retain exact raw bytes and can be recorded and settled (47.1171ms)
✔ paired09: U/V membership requires the new policy and keeps text-only identity (0.7373ms)
ℹ tests 52
ℹ suites 0
ℹ pass 52
ℹ fail 0
ℹ cancelled 0
ℹ skipped 0
ℹ todo 0
ℹ duration_ms 2572.9109
