
 RUN  v3.2.7 C:/Users/Winner/student-affairs-multimodal-exp

 ✓ src/experiments/mainline05/semanticCapture.test.ts (2 tests) 61ms
 ✓ src/experiments/mainline05/semanticRepository.test.ts (3 tests) 174ms
stdout | src/experiments/mainline05/semanticView.test.ts > MAINLINE05 fidelity and view ledger > all 8 human notices retain full supplied facts and explicit positive/negative user outcomes
MAINLINE05_LEDGER=[{"kind":"multi","tasks":2,"materials":2,"timePoints":2,"wrongDefaults":0},{"kind":"no-date","tasks":1,"materials":0,"timePoints":0,"wrongDefaults":0},{"kind":"vague","tasks":0,"materials":0,"timePoints":0,"wrongDefaults":0},{"kind":"information","tasks":0,"materials":0,"timePoints":0,"wrongDefaults":0},{"kind":"condition-true","tasks":1,"materials":0,"timePoints":0,"wrongDefaults":0},{"kind":"condition-false","tasks":0,"materials":0,"timePoints":0,"wrongDefaults":0},{"kind":"condition-unknown","tasks":0,"materials":0,"timePoints":0,"wrongDefaults":0},{"kind":"revision","tasks":1,"materials":0,"timePoints":0,"wrongDefaults":0}]

 ✓ src/experiments/mainline05/semanticView.test.ts (3 tests) 355ms
   ✓ MAINLINE05 fidelity and view ledger > all 8 human notices retain full supplied facts and explicit positive/negative user outcomes  304ms
 ✓ src/experiments/mainline05/semanticState.test.ts (11 tests) 427ms
 ✓ src/experiments/mainline05/mainlineAcceptance.test.tsx (4 tests) 179ms
 ✓ src/experiments/mainline05/semanticConfirmation.test.ts (36 tests) 1858ms
 ✓ src/experiments/realInput01/acceptance.test.tsx (62 tests) 149881ms
   ✓ paired07 actual recorded response boundary; memory only, not browser acceptance > R11-07 retains raw, failures and prior records, never dispatches or auto-confirms  658ms
   ✓ paired07 actual recorded response boundary; memory only, not browser acceptance > paired07 failed-response append is atomic and preserves every older record; invalid source identity cannot use the failure path  679ms
   ✓ HTTPS preview > real runtime picker opens both examples via the existing App callback without refreshing or dispatching  817ms
   ✓ HTTPS preview > Q01-06 preserves original identities and explicitly confirms in the new store  1960ms
   ✓ HTTPS preview > Q07-06 preserves original identities and explicitly confirms in the new store  909ms
   ✓ paired06 existing wire recorded boundary > Q01-06 actual settled answer confirms reviewed tasks and independently reloads in memory  1346ms
   ✓ paired06 existing wire recorded boundary > Q07-06 actual settled answer confirms reviewed tasks and independently reloads in memory  837ms
   ✓ paired06 existing wire recorded boundary > Q03-06 actual settled answer confirms reviewed tasks and independently reloads in memory  396ms
   ✓ paired06 existing wire recorded boundary > 03 same existing wire stays unselected until actual review, confirms and reloads without dispatch  321ms
   ✓ paired06 existing wire recorded boundary > 06 same existing wire stays unselected until actual review, confirms and reloads without dispatch  314ms
   ✓ paired05 new model recorded boundary > P01-03 true response, manual review, confirm and independent memory reload without a model  1645ms
   ✓ paired05 new model recorded boundary > P05-05 true response, manual review, confirm and independent memory reload without a model  477ms
   ✓ paired05 new model recorded boundary > invalid assembly, response identity and duplicate other arm refuse without changing prior records  625ms
   ✓ paired04 recorded source append > adds distinct complex sources without changing any old record, and never confirms by loading  1493ms
   ✓ explicit pending date confirmation > saves source-bound missing vague time without overwriting the real answer or existing nine tasks  16773ms
   ✓ explicit pending date confirmation > source, ownership, stale edits and atomic consent boundaries reject without changing the workspace  11606ms
   ✓ explicit pending date confirmation > targeted safety review: only date uncertainty qualifies, never references, conflicts, conditions, revisions or dependencies  4574ms
   ✓ candidate03 recorded response integration, no model requests > rejects source/run/version/request/response substitution before any write  2818ms
   ✓ candidate03 recorded response integration, no model requests > failed transaction rolls back the entire import; successful retry of local save is terminal and duplicate-safe  8155ms
   ✓ candidate03 recorded response integration, no model requests > D01 preserves originals and confirms only reviewed expressible facts  12941ms
   ✓ candidate03 recorded response integration, no model requests > D02 preserves originals and confirms only reviewed expressible facts  8174ms
   ✓ candidate03 recorded response integration, no model requests > D03 preserves originals and confirms only reviewed expressible facts  4442ms
   ✓ candidate03 recorded response integration, no model requests > D05 preserves originals and confirms only reviewed expressible facts  9352ms
   ✓ read-close local review without model authorization > real runtime opens InputReview and saves independent corrections, while its send handler rejects before any run  3293ms
   ✓ candidate02 paid records replay without a model request > the candidate02 launcher exposes local carriers but keeps all upstream sending disabled  785ms
   ✓ candidate02 paid records replay without a model request > C03 creates a separately identified run and confirms valid tasks without overwriting old work  5266ms
   ✓ candidate02 paid records replay without a model request > C05 creates a separately identified run and confirms valid tasks without overwriting old work  9588ms
   ✓ candidate02 paid records replay without a model request > C08 creates a separately identified run and confirms valid tasks without overwriting old work  10319ms
   ✓ complex notice correction public API, original model answers remain immutable > B01 event mismatch corrected explicitly; separate confirmation preserves two different deadlines  3828ms
   ✓ complex notice correction public API, original model answers remain immutable > B01 event mismatch corrected explicitly; batch confirmation preserves two different deadlines  2972ms
   ✓ complex notice correction public API, original model answers remain immutable > A08 failed raw is retained, missing old task and revision can be explicitly corrected and new task saved  1753ms
   ✓ complex notice correction public API, original model answers remain immutable > B08 failed raw is retained, missing old task and revision can be explicitly corrected and new task saved  1603ms
   ✓ real App runtime and public send connection; memory/SSR not browser acceptance > batch actual recorded responses retain raw and first suggestions, never default select, preserve A02 and reject identity substitution  13350ms
   ✓ real App runtime and public send connection; memory/SSR not browser acceptance > actual App forwards an existing description only for the real-input runtime  310ms
   ✓ real App runtime and public send connection; memory/SSR not browser acceptance > original A02 real App driver preserves provenance, material observation and explicit edits through independent reload  1467ms
   ✓ real App runtime and public send connection; memory/SSR not browser acceptance > recorded launcher builds real App, serves only bound A02 and rejects unauthorized endpoints without model code  757ms
   ✓ real App runtime and public send connection; memory/SSR not browser acceptance > source-first to correct confirmation and independent reload: multi  422ms

 Test Files  7 passed (7)
      Tests  121 passed (121)
   Start at  16:03:39
   Duration  151.73s (transform 1.68s, setup 0ms, collect 5.55s, tests 152.93s, environment 1ms, prepare 1.92s)

