warning: in the working copy of 'docs/recognition-optimization/OPTIMIZATION_LOG.md', LF will be replaced by CRLF the next time Git touches it
warning: in the working copy of 'docs/recognition-optimization/mainline-real-input-01/runs/usage-resume-20260907a/CALL_LEDGER.jsonl', LF will be replaced by CRLF the next time Git touches it
warning: in the working copy of 'scripts/check-mainline-real-input-01.mjs', LF will be replaced by CRLF the next time Git touches it
warning: in the working copy of 'scripts/check-mainline-real-input-01.node-test.mjs', LF will be replaced by CRLF the next time Git touches it
warning: in the working copy of 'scripts/real-input-budget.mjs', LF will be replaced by CRLF the next time Git touches it
warning: in the working copy of 'scripts/real-input-budget.node-test.mjs', LF will be replaced by CRLF the next time Git touches it
warning: in the working copy of 'scripts/real-input-model-gateway.mjs', LF will be replaced by CRLF the next time Git touches it
warning: in the working copy of 'scripts/real-input-model-gateway.node-test.mjs', LF will be replaced by CRLF the next time Git touches it
warning: in the working copy of 'scripts/run-mainline-real-input-01.mjs', LF will be replaced by CRLF the next time Git touches it
warning: in the working copy of 'src/experiments/realInput01/acceptance.test.tsx', LF will be replaced by CRLF the next time Git touches it
warning: in the working copy of 'src/experiments/realInput01/browser.tsx', LF will be replaced by CRLF the next time Git touches it
warning: in the working copy of 'src/experiments/realInput01/runtime.ts', LF will be replaced by CRLF the next time Git touches it
{"unitId":"R01-03","http":200,"stopDispatch":false,"scoreError":null,"totalAttempts":106,"waitingMs":8405,"costUpperMicroCny":27638}
warning: in the working copy of 'docs/recognition-optimization/OPTIMIZATION_LOG.md', LF will be replaced by CRLF the next time Git touches it
warning: in the working copy of 'docs/recognition-optimization/mainline-real-input-01/runs/usage-resume-20260907a/CALL_LEDGER.jsonl', LF will be replaced by CRLF the next time Git touches it
warning: in the working copy of 'scripts/check-mainline-real-input-01.mjs', LF will be replaced by CRLF the next time Git touches it
warning: in the working copy of 'scripts/check-mainline-real-input-01.node-test.mjs', LF will be replaced by CRLF the next time Git touches it
warning: in the working copy of 'scripts/real-input-budget.mjs', LF will be replaced by CRLF the next time Git touches it
warning: in the working copy of 'scripts/real-input-budget.node-test.mjs', LF will be replaced by CRLF the next time Git touches it
warning: in the working copy of 'scripts/real-input-model-gateway.mjs', LF will be replaced by CRLF the next time Git touches it
warning: in the working copy of 'scripts/real-input-model-gateway.node-test.mjs', LF will be replaced by CRLF the next time Git touches it
warning: in the working copy of 'scripts/run-mainline-real-input-01.mjs', LF will be replaced by CRLF the next time Git touches it
warning: in the working copy of 'src/experiments/realInput01/acceptance.test.tsx', LF will be replaced by CRLF the next time Git touches it
warning: in the working copy of 'src/experiments/realInput01/browser.tsx', LF will be replaced by CRLF the next time Git touches it
warning: in the working copy of 'src/experiments/realInput01/runtime.ts', LF will be replaced by CRLF the next time Git touches it
{"unitId":"R02-03","http":200,"stopDispatch":false,"scoreError":null,"totalAttempts":107,"waitingMs":5294,"costUpperMicroCny":18252}
warning: in the working copy of 'docs/recognition-optimization/OPTIMIZATION_LOG.md', LF will be replaced by CRLF the next time Git touches it
warning: in the working copy of 'docs/recognition-optimization/mainline-real-input-01/runs/usage-resume-20260907a/CALL_LEDGER.jsonl', LF will be replaced by CRLF the next time Git touches it
warning: in the working copy of 'scripts/check-mainline-real-input-01.mjs', LF will be replaced by CRLF the next time Git touches it
warning: in the working copy of 'scripts/check-mainline-real-input-01.node-test.mjs', LF will be replaced by CRLF the next time Git touches it
warning: in the working copy of 'scripts/real-input-budget.mjs', LF will be replaced by CRLF the next time Git touches it
warning: in the working copy of 'scripts/real-input-budget.node-test.mjs', LF will be replaced by CRLF the next time Git touches it
warning: in the working copy of 'scripts/real-input-model-gateway.mjs', LF will be replaced by CRLF the next time Git touches it
warning: in the working copy of 'scripts/real-input-model-gateway.node-test.mjs', LF will be replaced by CRLF the next time Git touches it
warning: in the working copy of 'scripts/run-mainline-real-input-01.mjs', LF will be replaced by CRLF the next time Git touches it
warning: in the working copy of 'src/experiments/realInput01/acceptance.test.tsx', LF will be replaced by CRLF the next time Git touches it
warning: in the working copy of 'src/experiments/realInput01/browser.tsx', LF will be replaced by CRLF the next time Git touches it
warning: in the working copy of 'src/experiments/realInput01/runtime.ts', LF will be replaced by CRLF the next time Git touches it
{"unitId":"R02-07","http":200,"stopDispatch":false,"scoreError":null,"totalAttempts":108,"waitingMs":5372,"costUpperMicroCny":17506}
warning: in the working copy of 'docs/recognition-optimization/OPTIMIZATION_LOG.md', LF will be replaced by CRLF the next time Git touches it
warning: in the working copy of 'docs/recognition-optimization/mainline-real-input-01/runs/usage-resume-20260907a/CALL_LEDGER.jsonl', LF will be replaced by CRLF the next time Git touches it
warning: in the working copy of 'scripts/check-mainline-real-input-01.mjs', LF will be replaced by CRLF the next time Git touches it
warning: in the working copy of 'scripts/check-mainline-real-input-01.node-test.mjs', LF will be replaced by CRLF the next time Git touches it
warning: in the working copy of 'scripts/real-input-budget.mjs', LF will be replaced by CRLF the next time Git touches it
warning: in the working copy of 'scripts/real-input-budget.node-test.mjs', LF will be replaced by CRLF the next time Git touches it
warning: in the working copy of 'scripts/real-input-model-gateway.mjs', LF will be replaced by CRLF the next time Git touches it
warning: in the working copy of 'scripts/real-input-model-gateway.node-test.mjs', LF will be replaced by CRLF the next time Git touches it
warning: in the working copy of 'scripts/run-mainline-real-input-01.mjs', LF will be replaced by CRLF the next time Git touches it
warning: in the working copy of 'src/experiments/realInput01/acceptance.test.tsx', LF will be replaced by CRLF the next time Git touches it
warning: in the working copy of 'src/experiments/realInput01/browser.tsx', LF will be replaced by CRLF the next time Git touches it
warning: in the working copy of 'src/experiments/realInput01/runtime.ts', LF will be replaced by CRLF the next time Git touches it
{"unitId":"R03-07","http":200,"stopDispatch":false,"scoreError":null,"totalAttempts":109,"waitingMs":4663,"costUpperMicroCny":16332}
warning: in the working copy of 'docs/recognition-optimization/OPTIMIZATION_LOG.md', LF will be replaced by CRLF the next time Git touches it
warning: in the working copy of 'docs/recognition-optimization/mainline-real-input-01/runs/usage-resume-20260907a/CALL_LEDGER.jsonl', LF will be replaced by CRLF the next time Git touches it
warning: in the working copy of 'scripts/check-mainline-real-input-01.mjs', LF will be replaced by CRLF the next time Git touches it
warning: in the working copy of 'scripts/check-mainline-real-input-01.node-test.mjs', LF will be replaced by CRLF the next time Git touches it
warning: in the working copy of 'scripts/real-input-budget.mjs', LF will be replaced by CRLF the next time Git touches it
warning: in the working copy of 'scripts/real-input-budget.node-test.mjs', LF will be replaced by CRLF the next time Git touches it
warning: in the working copy of 'scripts/real-input-model-gateway.mjs', LF will be replaced by CRLF the next time Git touches it
warning: in the working copy of 'scripts/real-input-model-gateway.node-test.mjs', LF will be replaced by CRLF the next time Git touches it
warning: in the working copy of 'scripts/run-mainline-real-input-01.mjs', LF will be replaced by CRLF the next time Git touches it
warning: in the working copy of 'src/experiments/realInput01/acceptance.test.tsx', LF will be replaced by CRLF the next time Git touches it
warning: in the working copy of 'src/experiments/realInput01/browser.tsx', LF will be replaced by CRLF the next time Git touches it
warning: in the working copy of 'src/experiments/realInput01/runtime.ts', LF will be replaced by CRLF the next time Git touches it
{"unitId":"R03-03","http":200,"stopDispatch":false,"scoreError":null,"totalAttempts":110,"waitingMs":5709,"costUpperMicroCny":15838}
warning: in the working copy of 'docs/recognition-optimization/OPTIMIZATION_LOG.md', LF will be replaced by CRLF the next time Git touches it
warning: in the working copy of 'docs/recognition-optimization/mainline-real-input-01/runs/usage-resume-20260907a/CALL_LEDGER.jsonl', LF will be replaced by CRLF the next time Git touches it
warning: in the working copy of 'scripts/check-mainline-real-input-01.mjs', LF will be replaced by CRLF the next time Git touches it
warning: in the working copy of 'scripts/check-mainline-real-input-01.node-test.mjs', LF will be replaced by CRLF the next time Git touches it
warning: in the working copy of 'scripts/real-input-budget.mjs', LF will be replaced by CRLF the next time Git touches it
warning: in the working copy of 'scripts/real-input-budget.node-test.mjs', LF will be replaced by CRLF the next time Git touches it
warning: in the working copy of 'scripts/real-input-model-gateway.mjs', LF will be replaced by CRLF the next time Git touches it
warning: in the working copy of 'scripts/real-input-model-gateway.node-test.mjs', LF will be replaced by CRLF the next time Git touches it
warning: in the working copy of 'scripts/run-mainline-real-input-01.mjs', LF will be replaced by CRLF the next time Git touches it
warning: in the working copy of 'src/experiments/realInput01/acceptance.test.tsx', LF will be replaced by CRLF the next time Git touches it
warning: in the working copy of 'src/experiments/realInput01/browser.tsx', LF will be replaced by CRLF the next time Git touches it
warning: in the working copy of 'src/experiments/realInput01/runtime.ts', LF will be replaced by CRLF the next time Git touches it
{"unitId":"R04-03","http":200,"stopDispatch":false,"scoreError":null,"totalAttempts":111,"waitingMs":5630,"costUpperMicroCny":20294}
warning: in the working copy of 'docs/recognition-optimization/OPTIMIZATION_LOG.md', LF will be replaced by CRLF the next time Git touches it
warning: in the working copy of 'docs/recognition-optimization/mainline-real-input-01/runs/usage-resume-20260907a/CALL_LEDGER.jsonl', LF will be replaced by CRLF the next time Git touches it
warning: in the working copy of 'scripts/check-mainline-real-input-01.mjs', LF will be replaced by CRLF the next time Git touches it
warning: in the working copy of 'scripts/check-mainline-real-input-01.node-test.mjs', LF will be replaced by CRLF the next time Git touches it
warning: in the working copy of 'scripts/real-input-budget.mjs', LF will be replaced by CRLF the next time Git touches it
warning: in the working copy of 'scripts/real-input-budget.node-test.mjs', LF will be replaced by CRLF the next time Git touches it
warning: in the working copy of 'scripts/real-input-model-gateway.mjs', LF will be replaced by CRLF the next time Git touches it
warning: in the working copy of 'scripts/real-input-model-gateway.node-test.mjs', LF will be replaced by CRLF the next time Git touches it
warning: in the working copy of 'scripts/run-mainline-real-input-01.mjs', LF will be replaced by CRLF the next time Git touches it
warning: in the working copy of 'src/experiments/realInput01/acceptance.test.tsx', LF will be replaced by CRLF the next time Git touches it
warning: in the working copy of 'src/experiments/realInput01/browser.tsx', LF will be replaced by CRLF the next time Git touches it
warning: in the working copy of 'src/experiments/realInput01/runtime.ts', LF will be replaced by CRLF the next time Git touches it
{"unitId":"R04-07","http":200,"stopDispatch":false,"scoreError":null,"totalAttempts":112,"waitingMs":6982,"costUpperMicroCny":21996}
warning: in the working copy of 'docs/recognition-optimization/OPTIMIZATION_LOG.md', LF will be replaced by CRLF the next time Git touches it
warning: in the working copy of 'docs/recognition-optimization/mainline-real-input-01/runs/usage-resume-20260907a/CALL_LEDGER.jsonl', LF will be replaced by CRLF the next time Git touches it
warning: in the working copy of 'scripts/check-mainline-real-input-01.mjs', LF will be replaced by CRLF the next time Git touches it
warning: in the working copy of 'scripts/check-mainline-real-input-01.node-test.mjs', LF will be replaced by CRLF the next time Git touches it
warning: in the working copy of 'scripts/real-input-budget.mjs', LF will be replaced by CRLF the next time Git touches it
warning: in the working copy of 'scripts/real-input-budget.node-test.mjs', LF will be replaced by CRLF the next time Git touches it
warning: in the working copy of 'scripts/real-input-model-gateway.mjs', LF will be replaced by CRLF the next time Git touches it
warning: in the working copy of 'scripts/real-input-model-gateway.node-test.mjs', LF will be replaced by CRLF the next time Git touches it
warning: in the working copy of 'scripts/run-mainline-real-input-01.mjs', LF will be replaced by CRLF the next time Git touches it
warning: in the working copy of 'src/experiments/realInput01/acceptance.test.tsx', LF will be replaced by CRLF the next time Git touches it
warning: in the working copy of 'src/experiments/realInput01/browser.tsx', LF will be replaced by CRLF the next time Git touches it
warning: in the working copy of 'src/experiments/realInput01/runtime.ts', LF will be replaced by CRLF the next time Git touches it
{"unitId":"R05-07","http":200,"stopDispatch":false,"scoreError":null,"totalAttempts":113,"waitingMs":5225,"costUpperMicroCny":18776}
warning: in the working copy of 'docs/recognition-optimization/OPTIMIZATION_LOG.md', LF will be replaced by CRLF the next time Git touches it
warning: in the working copy of 'docs/recognition-optimization/mainline-real-input-01/runs/usage-resume-20260907a/CALL_LEDGER.jsonl', LF will be replaced by CRLF the next time Git touches it
warning: in the working copy of 'scripts/check-mainline-real-input-01.mjs', LF will be replaced by CRLF the next time Git touches it
warning: in the working copy of 'scripts/check-mainline-real-input-01.node-test.mjs', LF will be replaced by CRLF the next time Git touches it
warning: in the working copy of 'scripts/real-input-budget.mjs', LF will be replaced by CRLF the next time Git touches it
warning: in the working copy of 'scripts/real-input-budget.node-test.mjs', LF will be replaced by CRLF the next time Git touches it
warning: in the working copy of 'scripts/real-input-model-gateway.mjs', LF will be replaced by CRLF the next time Git touches it
warning: in the working copy of 'scripts/real-input-model-gateway.node-test.mjs', LF will be replaced by CRLF the next time Git touches it
warning: in the working copy of 'scripts/run-mainline-real-input-01.mjs', LF will be replaced by CRLF the next time Git touches it
warning: in the working copy of 'src/experiments/realInput01/acceptance.test.tsx', LF will be replaced by CRLF the next time Git touches it
warning: in the working copy of 'src/experiments/realInput01/browser.tsx', LF will be replaced by CRLF the next time Git touches it
warning: in the working copy of 'src/experiments/realInput01/runtime.ts', LF will be replaced by CRLF the next time Git touches it
{"unitId":"R05-03","http":200,"stopDispatch":false,"scoreError":null,"totalAttempts":114,"waitingMs":5818,"costUpperMicroCny":19242}
warning: in the working copy of 'docs/recognition-optimization/OPTIMIZATION_LOG.md', LF will be replaced by CRLF the next time Git touches it
warning: in the working copy of 'docs/recognition-optimization/mainline-real-input-01/runs/usage-resume-20260907a/CALL_LEDGER.jsonl', LF will be replaced by CRLF the next time Git touches it
warning: in the working copy of 'scripts/check-mainline-real-input-01.mjs', LF will be replaced by CRLF the next time Git touches it
warning: in the working copy of 'scripts/check-mainline-real-input-01.node-test.mjs', LF will be replaced by CRLF the next time Git touches it
warning: in the working copy of 'scripts/real-input-budget.mjs', LF will be replaced by CRLF the next time Git touches it
warning: in the working copy of 'scripts/real-input-budget.node-test.mjs', LF will be replaced by CRLF the next time Git touches it
warning: in the working copy of 'scripts/real-input-model-gateway.mjs', LF will be replaced by CRLF the next time Git touches it
warning: in the working copy of 'scripts/real-input-model-gateway.node-test.mjs', LF will be replaced by CRLF the next time Git touches it
warning: in the working copy of 'scripts/run-mainline-real-input-01.mjs', LF will be replaced by CRLF the next time Git touches it
warning: in the working copy of 'src/experiments/realInput01/acceptance.test.tsx', LF will be replaced by CRLF the next time Git touches it
warning: in the working copy of 'src/experiments/realInput01/browser.tsx', LF will be replaced by CRLF the next time Git touches it
warning: in the working copy of 'src/experiments/realInput01/runtime.ts', LF will be replaced by CRLF the next time Git touches it
{"unitId":"R06-07","http":200,"stopDispatch":false,"scoreError":null,"totalAttempts":115,"waitingMs":5371,"costUpperMicroCny":16910}
warning: in the working copy of 'docs/recognition-optimization/OPTIMIZATION_LOG.md', LF will be replaced by CRLF the next time Git touches it
warning: in the working copy of 'docs/recognition-optimization/mainline-real-input-01/runs/usage-resume-20260907a/CALL_LEDGER.jsonl', LF will be replaced by CRLF the next time Git touches it
warning: in the working copy of 'scripts/check-mainline-real-input-01.mjs', LF will be replaced by CRLF the next time Git touches it
warning: in the working copy of 'scripts/check-mainline-real-input-01.node-test.mjs', LF will be replaced by CRLF the next time Git touches it
warning: in the working copy of 'scripts/real-input-budget.mjs', LF will be replaced by CRLF the next time Git touches it
warning: in the working copy of 'scripts/real-input-budget.node-test.mjs', LF will be replaced by CRLF the next time Git touches it
warning: in the working copy of 'scripts/real-input-model-gateway.mjs', LF will be replaced by CRLF the next time Git touches it
warning: in the working copy of 'scripts/real-input-model-gateway.node-test.mjs', LF will be replaced by CRLF the next time Git touches it
warning: in the working copy of 'scripts/run-mainline-real-input-01.mjs', LF will be replaced by CRLF the next time Git touches it
warning: in the working copy of 'src/experiments/realInput01/acceptance.test.tsx', LF will be replaced by CRLF the next time Git touches it
warning: in the working copy of 'src/experiments/realInput01/browser.tsx', LF will be replaced by CRLF the next time Git touches it
warning: in the working copy of 'src/experiments/realInput01/runtime.ts', LF will be replaced by CRLF the next time Git touches it
{"unitId":"R06-03","http":200,"stopDispatch":false,"scoreError":null,"totalAttempts":116,"waitingMs":5135,"costUpperMicroCny":17112}
warning: in the working copy of 'docs/recognition-optimization/OPTIMIZATION_LOG.md', LF will be replaced by CRLF the next time Git touches it
warning: in the working copy of 'docs/recognition-optimization/mainline-real-input-01/runs/usage-resume-20260907a/CALL_LEDGER.jsonl', LF will be replaced by CRLF the next time Git touches it
warning: in the working copy of 'scripts/check-mainline-real-input-01.mjs', LF will be replaced by CRLF the next time Git touches it
warning: in the working copy of 'scripts/check-mainline-real-input-01.node-test.mjs', LF will be replaced by CRLF the next time Git touches it
warning: in the working copy of 'scripts/real-input-budget.mjs', LF will be replaced by CRLF the next time Git touches it
warning: in the working copy of 'scripts/real-input-budget.node-test.mjs', LF will be replaced by CRLF the next time Git touches it
warning: in the working copy of 'scripts/real-input-model-gateway.mjs', LF will be replaced by CRLF the next time Git touches it
warning: in the working copy of 'scripts/real-input-model-gateway.node-test.mjs', LF will be replaced by CRLF the next time Git touches it
warning: in the working copy of 'scripts/run-mainline-real-input-01.mjs', LF will be replaced by CRLF the next time Git touches it
warning: in the working copy of 'src/experiments/realInput01/acceptance.test.tsx', LF will be replaced by CRLF the next time Git touches it
warning: in the working copy of 'src/experiments/realInput01/browser.tsx', LF will be replaced by CRLF the next time Git touches it
warning: in the working copy of 'src/experiments/realInput01/runtime.ts', LF will be replaced by CRLF the next time Git touches it
{"unitId":"R07-03","http":200,"stopDispatch":false,"scoreError":null,"totalAttempts":117,"waitingMs":7396,"costUpperMicroCny":23278}
warning: in the working copy of 'docs/recognition-optimization/OPTIMIZATION_LOG.md', LF will be replaced by CRLF the next time Git touches it
warning: in the working copy of 'docs/recognition-optimization/mainline-real-input-01/runs/usage-resume-20260907a/CALL_LEDGER.jsonl', LF will be replaced by CRLF the next time Git touches it
warning: in the working copy of 'scripts/check-mainline-real-input-01.mjs', LF will be replaced by CRLF the next time Git touches it
warning: in the working copy of 'scripts/check-mainline-real-input-01.node-test.mjs', LF will be replaced by CRLF the next time Git touches it
warning: in the working copy of 'scripts/real-input-budget.mjs', LF will be replaced by CRLF the next time Git touches it
warning: in the working copy of 'scripts/real-input-budget.node-test.mjs', LF will be replaced by CRLF the next time Git touches it
warning: in the working copy of 'scripts/real-input-model-gateway.mjs', LF will be replaced by CRLF the next time Git touches it
warning: in the working copy of 'scripts/real-input-model-gateway.node-test.mjs', LF will be replaced by CRLF the next time Git touches it
warning: in the working copy of 'scripts/run-mainline-real-input-01.mjs', LF will be replaced by CRLF the next time Git touches it
warning: in the working copy of 'src/experiments/realInput01/acceptance.test.tsx', LF will be replaced by CRLF the next time Git touches it
warning: in the working copy of 'src/experiments/realInput01/browser.tsx', LF will be replaced by CRLF the next time Git touches it
warning: in the working copy of 'src/experiments/realInput01/runtime.ts', LF will be replaced by CRLF the next time Git touches it
{"unitId":"R07-07","http":200,"stopDispatch":false,"scoreError":null,"totalAttempts":118,"waitingMs":7740,"costUpperMicroCny":25492}
warning: in the working copy of 'docs/recognition-optimization/OPTIMIZATION_LOG.md', LF will be replaced by CRLF the next time Git touches it
warning: in the working copy of 'docs/recognition-optimization/mainline-real-input-01/runs/usage-resume-20260907a/CALL_LEDGER.jsonl', LF will be replaced by CRLF the next time Git touches it
warning: in the working copy of 'scripts/check-mainline-real-input-01.mjs', LF will be replaced by CRLF the next time Git touches it
warning: in the working copy of 'scripts/check-mainline-real-input-01.node-test.mjs', LF will be replaced by CRLF the next time Git touches it
warning: in the working copy of 'scripts/real-input-budget.mjs', LF will be replaced by CRLF the next time Git touches it
warning: in the working copy of 'scripts/real-input-budget.node-test.mjs', LF will be replaced by CRLF the next time Git touches it
warning: in the working copy of 'scripts/real-input-model-gateway.mjs', LF will be replaced by CRLF the next time Git touches it
warning: in the working copy of 'scripts/real-input-model-gateway.node-test.mjs', LF will be replaced by CRLF the next time Git touches it
warning: in the working copy of 'scripts/run-mainline-real-input-01.mjs', LF will be replaced by CRLF the next time Git touches it
warning: in the working copy of 'src/experiments/realInput01/acceptance.test.tsx', LF will be replaced by CRLF the next time Git touches it
warning: in the working copy of 'src/experiments/realInput01/browser.tsx', LF will be replaced by CRLF the next time Git touches it
warning: in the working copy of 'src/experiments/realInput01/runtime.ts', LF will be replaced by CRLF the next time Git touches it
{"unitId":"R08-03","http":200,"stopDispatch":false,"scoreError":null,"totalAttempts":119,"waitingMs":7872,"costUpperMicroCny":25600}
warning: in the working copy of 'docs/recognition-optimization/OPTIMIZATION_LOG.md', LF will be replaced by CRLF the next time Git touches it
warning: in the working copy of 'docs/recognition-optimization/mainline-real-input-01/runs/usage-resume-20260907a/CALL_LEDGER.jsonl', LF will be replaced by CRLF the next time Git touches it
warning: in the working copy of 'scripts/check-mainline-real-input-01.mjs', LF will be replaced by CRLF the next time Git touches it
warning: in the working copy of 'scripts/check-mainline-real-input-01.node-test.mjs', LF will be replaced by CRLF the next time Git touches it
warning: in the working copy of 'scripts/real-input-budget.mjs', LF will be replaced by CRLF the next time Git touches it
warning: in the working copy of 'scripts/real-input-budget.node-test.mjs', LF will be replaced by CRLF the next time Git touches it
warning: in the working copy of 'scripts/real-input-model-gateway.mjs', LF will be replaced by CRLF the next time Git touches it
warning: in the working copy of 'scripts/real-input-model-gateway.node-test.mjs', LF will be replaced by CRLF the next time Git touches it
warning: in the working copy of 'scripts/run-mainline-real-input-01.mjs', LF will be replaced by CRLF the next time Git touches it
warning: in the working copy of 'src/experiments/realInput01/acceptance.test.tsx', LF will be replaced by CRLF the next time Git touches it
warning: in the working copy of 'src/experiments/realInput01/browser.tsx', LF will be replaced by CRLF the next time Git touches it
warning: in the working copy of 'src/experiments/realInput01/runtime.ts', LF will be replaced by CRLF the next time Git touches it
{"unitId":"R08-07","http":200,"stopDispatch":false,"scoreError":null,"totalAttempts":120,"waitingMs":7549,"costUpperMicroCny":25630}
warning: in the working copy of 'docs/recognition-optimization/OPTIMIZATION_LOG.md', LF will be replaced by CRLF the next time Git touches it
warning: in the working copy of 'docs/recognition-optimization/mainline-real-input-01/runs/usage-resume-20260907a/CALL_LEDGER.jsonl', LF will be replaced by CRLF the next time Git touches it
warning: in the working copy of 'scripts/check-mainline-real-input-01.mjs', LF will be replaced by CRLF the next time Git touches it
warning: in the working copy of 'scripts/check-mainline-real-input-01.node-test.mjs', LF will be replaced by CRLF the next time Git touches it
warning: in the working copy of 'scripts/real-input-budget.mjs', LF will be replaced by CRLF the next time Git touches it
warning: in the working copy of 'scripts/real-input-budget.node-test.mjs', LF will be replaced by CRLF the next time Git touches it
warning: in the working copy of 'scripts/real-input-model-gateway.mjs', LF will be replaced by CRLF the next time Git touches it
warning: in the working copy of 'scripts/real-input-model-gateway.node-test.mjs', LF will be replaced by CRLF the next time Git touches it
warning: in the working copy of 'scripts/run-mainline-real-input-01.mjs', LF will be replaced by CRLF the next time Git touches it
warning: in the working copy of 'src/experiments/realInput01/acceptance.test.tsx', LF will be replaced by CRLF the next time Git touches it
warning: in the working copy of 'src/experiments/realInput01/browser.tsx', LF will be replaced by CRLF the next time Git touches it
warning: in the working copy of 'src/experiments/realInput01/runtime.ts', LF will be replaced by CRLF the next time Git touches it
{"unitId":"R09-03","http":200,"stopDispatch":false,"scoreError":null,"totalAttempts":121,"waitingMs":4386,"costUpperMicroCny":15028}
warning: in the working copy of 'docs/recognition-optimization/OPTIMIZATION_LOG.md', LF will be replaced by CRLF the next time Git touches it
warning: in the working copy of 'docs/recognition-optimization/mainline-real-input-01/runs/usage-resume-20260907a/CALL_LEDGER.jsonl', LF will be replaced by CRLF the next time Git touches it
warning: in the working copy of 'scripts/check-mainline-real-input-01.mjs', LF will be replaced by CRLF the next time Git touches it
warning: in the working copy of 'scripts/check-mainline-real-input-01.node-test.mjs', LF will be replaced by CRLF the next time Git touches it
warning: in the working copy of 'scripts/real-input-budget.mjs', LF will be replaced by CRLF the next time Git touches it
warning: in the working copy of 'scripts/real-input-budget.node-test.mjs', LF will be replaced by CRLF the next time Git touches it
warning: in the working copy of 'scripts/real-input-model-gateway.mjs', LF will be replaced by CRLF the next time Git touches it
warning: in the working copy of 'scripts/real-input-model-gateway.node-test.mjs', LF will be replaced by CRLF the next time Git touches it
warning: in the working copy of 'scripts/run-mainline-real-input-01.mjs', LF will be replaced by CRLF the next time Git touches it
warning: in the working copy of 'src/experiments/realInput01/acceptance.test.tsx', LF will be replaced by CRLF the next time Git touches it
warning: in the working copy of 'src/experiments/realInput01/browser.tsx', LF will be replaced by CRLF the next time Git touches it
warning: in the working copy of 'src/experiments/realInput01/runtime.ts', LF will be replaced by CRLF the next time Git touches it
{"unitId":"R09-07","http":200,"stopDispatch":false,"scoreError":null,"totalAttempts":122,"waitingMs":5694,"costUpperMicroCny":18674}
warning: in the working copy of 'docs/recognition-optimization/OPTIMIZATION_LOG.md', LF will be replaced by CRLF the next time Git touches it
warning: in the working copy of 'docs/recognition-optimization/mainline-real-input-01/runs/usage-resume-20260907a/CALL_LEDGER.jsonl', LF will be replaced by CRLF the next time Git touches it
warning: in the working copy of 'scripts/check-mainline-real-input-01.mjs', LF will be replaced by CRLF the next time Git touches it
warning: in the working copy of 'scripts/check-mainline-real-input-01.node-test.mjs', LF will be replaced by CRLF the next time Git touches it
warning: in the working copy of 'scripts/real-input-budget.mjs', LF will be replaced by CRLF the next time Git touches it
warning: in the working copy of 'scripts/real-input-budget.node-test.mjs', LF will be replaced by CRLF the next time Git touches it
warning: in the working copy of 'scripts/real-input-model-gateway.mjs', LF will be replaced by CRLF the next time Git touches it
warning: in the working copy of 'scripts/real-input-model-gateway.node-test.mjs', LF will be replaced by CRLF the next time Git touches it
warning: in the working copy of 'scripts/run-mainline-real-input-01.mjs', LF will be replaced by CRLF the next time Git touches it
warning: in the working copy of 'src/experiments/realInput01/acceptance.test.tsx', LF will be replaced by CRLF the next time Git touches it
warning: in the working copy of 'src/experiments/realInput01/browser.tsx', LF will be replaced by CRLF the next time Git touches it
warning: in the working copy of 'src/experiments/realInput01/runtime.ts', LF will be replaced by CRLF the next time Git touches it
{"unitId":"R10-07","http":200,"stopDispatch":false,"scoreError":null,"totalAttempts":123,"waitingMs":9207,"costUpperMicroCny":32192}
warning: in the working copy of 'docs/recognition-optimization/OPTIMIZATION_LOG.md', LF will be replaced by CRLF the next time Git touches it
warning: in the working copy of 'docs/recognition-optimization/mainline-real-input-01/runs/usage-resume-20260907a/CALL_LEDGER.jsonl', LF will be replaced by CRLF the next time Git touches it
warning: in the working copy of 'scripts/check-mainline-real-input-01.mjs', LF will be replaced by CRLF the next time Git touches it
warning: in the working copy of 'scripts/check-mainline-real-input-01.node-test.mjs', LF will be replaced by CRLF the next time Git touches it
warning: in the working copy of 'scripts/real-input-budget.mjs', LF will be replaced by CRLF the next time Git touches it
warning: in the working copy of 'scripts/real-input-budget.node-test.mjs', LF will be replaced by CRLF the next time Git touches it
warning: in the working copy of 'scripts/real-input-model-gateway.mjs', LF will be replaced by CRLF the next time Git touches it
warning: in the working copy of 'scripts/real-input-model-gateway.node-test.mjs', LF will be replaced by CRLF the next time Git touches it
warning: in the working copy of 'scripts/run-mainline-real-input-01.mjs', LF will be replaced by CRLF the next time Git touches it
warning: in the working copy of 'src/experiments/realInput01/acceptance.test.tsx', LF will be replaced by CRLF the next time Git touches it
warning: in the working copy of 'src/experiments/realInput01/browser.tsx', LF will be replaced by CRLF the next time Git touches it
warning: in the working copy of 'src/experiments/realInput01/runtime.ts', LF will be replaced by CRLF the next time Git touches it
{"unitId":"R10-03","http":200,"stopDispatch":false,"scoreError":null,"totalAttempts":124,"waitingMs":7986,"costUpperMicroCny":26730}
warning: in the working copy of 'docs/recognition-optimization/OPTIMIZATION_LOG.md', LF will be replaced by CRLF the next time Git touches it
warning: in the working copy of 'docs/recognition-optimization/mainline-real-input-01/runs/usage-resume-20260907a/CALL_LEDGER.jsonl', LF will be replaced by CRLF the next time Git touches it
warning: in the working copy of 'scripts/check-mainline-real-input-01.mjs', LF will be replaced by CRLF the next time Git touches it
warning: in the working copy of 'scripts/check-mainline-real-input-01.node-test.mjs', LF will be replaced by CRLF the next time Git touches it
warning: in the working copy of 'scripts/real-input-budget.mjs', LF will be replaced by CRLF the next time Git touches it
warning: in the working copy of 'scripts/real-input-budget.node-test.mjs', LF will be replaced by CRLF the next time Git touches it
warning: in the working copy of 'scripts/real-input-model-gateway.mjs', LF will be replaced by CRLF the next time Git touches it
warning: in the working copy of 'scripts/real-input-model-gateway.node-test.mjs', LF will be replaced by CRLF the next time Git touches it
warning: in the working copy of 'scripts/run-mainline-real-input-01.mjs', LF will be replaced by CRLF the next time Git touches it
warning: in the working copy of 'src/experiments/realInput01/acceptance.test.tsx', LF will be replaced by CRLF the next time Git touches it
warning: in the working copy of 'src/experiments/realInput01/browser.tsx', LF will be replaced by CRLF the next time Git touches it
warning: in the working copy of 'src/experiments/realInput01/runtime.ts', LF will be replaced by CRLF the next time Git touches it
{"unitId":"R11-03","http":200,"stopDispatch":false,"scoreError":null,"totalAttempts":125,"waitingMs":8563,"costUpperMicroCny":26784}
warning: in the working copy of 'docs/recognition-optimization/OPTIMIZATION_LOG.md', LF will be replaced by CRLF the next time Git touches it
warning: in the working copy of 'docs/recognition-optimization/mainline-real-input-01/runs/usage-resume-20260907a/CALL_LEDGER.jsonl', LF will be replaced by CRLF the next time Git touches it
warning: in the working copy of 'scripts/check-mainline-real-input-01.mjs', LF will be replaced by CRLF the next time Git touches it
warning: in the working copy of 'scripts/check-mainline-real-input-01.node-test.mjs', LF will be replaced by CRLF the next time Git touches it
warning: in the working copy of 'scripts/real-input-budget.mjs', LF will be replaced by CRLF the next time Git touches it
warning: in the working copy of 'scripts/real-input-budget.node-test.mjs', LF will be replaced by CRLF the next time Git touches it
warning: in the working copy of 'scripts/real-input-model-gateway.mjs', LF will be replaced by CRLF the next time Git touches it
warning: in the working copy of 'scripts/real-input-model-gateway.node-test.mjs', LF will be replaced by CRLF the next time Git touches it
warning: in the working copy of 'scripts/run-mainline-real-input-01.mjs', LF will be replaced by CRLF the next time Git touches it
warning: in the working copy of 'src/experiments/realInput01/acceptance.test.tsx', LF will be replaced by CRLF the next time Git touches it
warning: in the working copy of 'src/experiments/realInput01/browser.tsx', LF will be replaced by CRLF the next time Git touches it
warning: in the working copy of 'src/experiments/realInput01/runtime.ts', LF will be replaced by CRLF the next time Git touches it
{"unitId":"R11-07","http":200,"stopDispatch":false,"scoreError":null,"totalAttempts":126,"waitingMs":7437,"costUpperMicroCny":23406}
warning: in the working copy of 'docs/recognition-optimization/OPTIMIZATION_LOG.md', LF will be replaced by CRLF the next time Git touches it
warning: in the working copy of 'docs/recognition-optimization/mainline-real-input-01/runs/usage-resume-20260907a/CALL_LEDGER.jsonl', LF will be replaced by CRLF the next time Git touches it
warning: in the working copy of 'scripts/check-mainline-real-input-01.mjs', LF will be replaced by CRLF the next time Git touches it
warning: in the working copy of 'scripts/check-mainline-real-input-01.node-test.mjs', LF will be replaced by CRLF the next time Git touches it
warning: in the working copy of 'scripts/real-input-budget.mjs', LF will be replaced by CRLF the next time Git touches it
warning: in the working copy of 'scripts/real-input-budget.node-test.mjs', LF will be replaced by CRLF the next time Git touches it
warning: in the working copy of 'scripts/real-input-model-gateway.mjs', LF will be replaced by CRLF the next time Git touches it
warning: in the working copy of 'scripts/real-input-model-gateway.node-test.mjs', LF will be replaced by CRLF the next time Git touches it
warning: in the working copy of 'scripts/run-mainline-real-input-01.mjs', LF will be replaced by CRLF the next time Git touches it
warning: in the working copy of 'src/experiments/realInput01/acceptance.test.tsx', LF will be replaced by CRLF the next time Git touches it
warning: in the working copy of 'src/experiments/realInput01/browser.tsx', LF will be replaced by CRLF the next time Git touches it
warning: in the working copy of 'src/experiments/realInput01/runtime.ts', LF will be replaced by CRLF the next time Git touches it
{"unitId":"R12-07","http":200,"stopDispatch":false,"scoreError":null,"totalAttempts":127,"waitingMs":8566,"costUpperMicroCny":27866}
warning: in the working copy of 'docs/recognition-optimization/OPTIMIZATION_LOG.md', LF will be replaced by CRLF the next time Git touches it
warning: in the working copy of 'docs/recognition-optimization/mainline-real-input-01/runs/usage-resume-20260907a/CALL_LEDGER.jsonl', LF will be replaced by CRLF the next time Git touches it
warning: in the working copy of 'scripts/check-mainline-real-input-01.mjs', LF will be replaced by CRLF the next time Git touches it
warning: in the working copy of 'scripts/check-mainline-real-input-01.node-test.mjs', LF will be replaced by CRLF the next time Git touches it
warning: in the working copy of 'scripts/real-input-budget.mjs', LF will be replaced by CRLF the next time Git touches it
warning: in the working copy of 'scripts/real-input-budget.node-test.mjs', LF will be replaced by CRLF the next time Git touches it
warning: in the working copy of 'scripts/real-input-model-gateway.mjs', LF will be replaced by CRLF the next time Git touches it
warning: in the working copy of 'scripts/real-input-model-gateway.node-test.mjs', LF will be replaced by CRLF the next time Git touches it
warning: in the working copy of 'scripts/run-mainline-real-input-01.mjs', LF will be replaced by CRLF the next time Git touches it
warning: in the working copy of 'src/experiments/realInput01/acceptance.test.tsx', LF will be replaced by CRLF the next time Git touches it
warning: in the working copy of 'src/experiments/realInput01/browser.tsx', LF will be replaced by CRLF the next time Git touches it
warning: in the working copy of 'src/experiments/realInput01/runtime.ts', LF will be replaced by CRLF the next time Git touches it
{"unitId":"R12-03","http":200,"stopDispatch":false,"scoreError":null,"totalAttempts":128,"waitingMs":7984,"costUpperMicroCny":25740}
