
 RUN  v3.2.7 C:/Users/Winner/student-affairs-multimodal-exp

 ❯ src/experiments/realInput01/acceptance.test.tsx (17 tests | 1 failed) 7014ms
   × real App runtime and public send connection; memory/SSR not browser acceptance > batch actual recorded responses retain raw and first suggestions, never default select, preserve A02 and reject identity substitution 3127ms
     → MAINLINE05_INVALID_ENTITY_REFERENCE
   ✓ real App runtime and public send connection; memory/SSR not browser acceptance > real-input source description changes only the review banner; engineering and ordinary defaults remain 46ms
   ✓ real App runtime and public send connection; memory/SSR not browser acceptance > actual App forwards an existing description only for the real-input runtime  590ms
   ✓ real App runtime and public send connection; memory/SSR not browser acceptance > actual browser open wrapper rejects creation/upgrade events before legacy handlers, retains existing and old-default opens  321ms
   ✓ real App runtime and public send connection; memory/SSR not browser acceptance > original A02 real App driver preserves provenance, material observation and explicit edits through independent reload  1258ms
   ✓ real App runtime and public send connection; memory/SSR not browser acceptance > recorded runtime rejects replacement database initialization and missing original storage 1ms
   ✓ real App runtime and public send connection; memory/SSR not browser acceptance > recorded launcher builds real App, serves only bound A02 and rejects unauthorized endpoints without model code  949ms
   ✓ real App runtime and public send connection; memory/SSR not browser acceptance > the input renderer is a React component retaining original text without invoking save callbacks during render 5ms
   ✓ real App runtime and public send connection; memory/SSR not browser acceptance > the fact editor render preserves saved facts and does not publish dirty or saved notifications during render 36ms
   ✓ real App runtime and public send connection; memory/SSR not browser acceptance > real homepage retains dates and explains review before any send; old presentation remains 1ms
   ✓ real App runtime and public send connection; memory/SSR not browser acceptance > mounts the actual App with isolated capabilities and does not read old storage 5ms
   ✓ real App runtime and public send connection; memory/SSR not browser acceptance > source-first to correct confirmation and independent reload: no-date 90ms
   ✓ real App runtime and public send connection; memory/SSR not browser acceptance > source-first to correct confirmation and independent reload: multi 297ms
   ✓ real App runtime and public send connection; memory/SSR not browser acceptance > source-first to correct confirmation and independent reload: condition-true 95ms
   ✓ real App runtime and public send connection; memory/SSR not browser acceptance > source-first to correct confirmation and independent reload: revision 122ms
   ✓ real App runtime and public send connection; memory/SSR not browser acceptance > a failed executor is terminal, no retry; missing or malformed database never falls back 22ms
   ✓ real App runtime and public send connection; memory/SSR not browser acceptance > client sends exactly the bound text request once, then refuses duplicate or changed input 44ms

⎯⎯⎯⎯⎯⎯⎯ Failed Tests 1 ⎯⎯⎯⎯⎯⎯⎯

 FAIL  src/experiments/realInput01/acceptance.test.tsx > real App runtime and public send connection; memory/SSR not browser acceptance > batch actual recorded responses retain raw and first suggestions, never default select, preserve A02 and reject identity substitution
Error: MAINLINE05_INVALID_ENTITY_REFERENCE
 ❯ assert src/experiments/mainline05/semanticState.ts:52:25
     50| export const json = (value: unknown): JsonValue => plainJson(value) as…
     51| export function assert(condition: unknown, code: string): asserts cond…
     52|   if (!condition) throw Error('MAINLINE05_' + code)
       |                         ^
     53| }
     54| export function exactKeys(value: object, keys: string[]) {
 ❯ completeInputRun src/experiments/mainline05/semanticCapture.ts:85:5
 ❯ stageRecordedResponse src/experiments/realInput01/runtime.ts:74:3
 ❯ src/experiments/realInput01/acceptance.test.tsx:63:19

⎯⎯⎯⎯⎯⎯⎯⎯⎯⎯⎯⎯⎯⎯⎯⎯⎯⎯⎯⎯⎯⎯⎯⎯[1/1]⎯


 Test Files  1 failed (1)
      Tests  1 failed | 16 passed (17)
   Start at  23:33:55
   Duration  9.26s (transform 765ms, setup 0ms, collect 1.37s, tests 7.01s, environment 0ms, prepare 539ms)

