✔ batch permits fourteen exact units only and preserves old unknown/settled requests (917.9211ms)
✔ batch parallel and restart cannot repeat or skip a crashed request (171.8836ms)
✔ batch invalid usage or unknown failure preserves reservation and stops successors (295.0433ms)
✔ batch changed grant, prefix, target, price expiry and order fail before dispatch (206.2079ms)
✔ batch held A01 is counted against total even after lawful new settlements (164.3938ms)
✔ separate Node crash after recovery reservation cannot return the grant on reopen (169.6741ms)
✔ recovery rejects expired billing, changed limits and request payload before reservation (76.3307ms)
✔ one-shot A02 recovery preserves A01 unknown cost and prefix while normal completion cannot unlock A03 (121.3389ms)
✔ recovery competing callers and crash/reopen consume at most one new reservation without sending (88.6804ms)
✔ recovery rejects changed prior, target, route and binding fields before ledger writes (418.7025ms)
✔ recovery rejects ordinary pending without the designated transport halt (69.905ms)
✔ A02 invalid usage and uncertainty retain both reservations and never reopen the grant (197.8085ms)
✔ ambiguous decoded response keys retain full reserve, survive reopen and halt next dispatch (603.66ms)
✔ valid decoded keys, ordering, whitespace and key-looking model text still settle normally (80.0159ms)
✔ conservative context envelope and integer settlement have no floating-point budget drift (1.3688ms)
✔ normal request reserves durably before completion; only complete usage releases surplus (78.1354ms)
✔ all 24 logical units share one ledger across reopened browser/runner handles (1913.5413ms)
✔ 10 yuan is checked using spent upper cost plus the next full reservation (100.1515ms)
✔ concurrent tabs cannot reserve twice; cross-instance overlap retains one pending request (44.1552ms)
✖ two independent Node processes cannot bypass the shared filesystem lock (2002.0471ms)
✔ process restart after a durable reservation never resends or releases it (54.2523ms)
✔ timeout/unknown failure retains full reservation and permanently stops this book (53.1347ms)
✔ missing usage cannot settle or release the reservation (47.2132ms)
✔ mismatched total cannot settle or release the reservation (47.9813ms)
✔ zero tokens for nonempty input cannot settle or release the reservation (45.771ms)
✔ excess input cannot settle or release the reservation (45.241ms)
✔ excess output cannot settle or release the reservation (44.979ms)
✔ wrong model cannot settle or release the reservation (48.9467ms)
✔ incomplete response cannot settle or release the reservation (44.9277ms)
✔ unsupported reasoning cannot settle or release the reservation (46.409ms)
✔ tools cannot settle or release the reservation (47.3643ms)
✔ string usage cannot settle or release the reservation (48.4223ms)
✔ even a parseable HTTP failure is not settled (40.8315ms)
✔ response reuse is a binding anomaly, not another cheap completed call (62.0636ms)
✔ price/context/protocol changes halt before dispatch; frozen requests cannot change (43.8649ms)
✔ expired billing review and premature C are rejected (37.5219ms)
✔ returned snapshot cannot change the frozen request, including its byte length (60.9602ms)
✔ snapshot mutation cannot replace B inputs or permit an incompatible C candidate (873.7215ms)
✔ a valid-prefix truncation is detected by the independent write-once receipts (44.6133ms)
✔ missing ledger and abandoned lock do not initialize a fresh allowance (38.804ms)
✔ recomputing row hashes does not make a mismatched settlement valid (42.6058ms)
✔ manifest changes and response shape tricks fail without coercion (19.3409ms)
ℹ tests 42
ℹ suites 0
ℹ pass 41
ℹ fail 1
ℹ cancelled 0
ℹ skipped 0
ℹ todo 0
ℹ duration_ms 9640.9908

✖ failing tests:

test at scripts\real-input-budget.node-test.mjs:264:3
✖ two independent Node processes cannot bypass the shared filesystem lock (2002.0471ms)
  AssertionError [ERR_ASSERTION]: Expected values to be strictly equal:
  
  0 !== 1
  
      at TestContext.<anonymous> (file:///C:/Users/Winner/student-affairs-multimodal-exp/scripts/real-input-budget.node-test.mjs:268:12)
      at process.processTicksAndRejections (node:internal/process/task_queues:104:5)
      at async Test.run (node:internal/test_runner/test:1332:7)
      at async Test.processPendingSubtests (node:internal/test_runner/test:911:7) {
    generatedMessage: true,
    code: 'ERR_ASSERTION',
    actual: 0,
    expected: 1,
    operator: 'strictEqual',
    diff: 'simple'
  }
