✖ batch permits fourteen exact units only and preserves old unknown/settled requests (123.4468ms)
✖ batch parallel and restart cannot repeat or skip a crashed request (112.0847ms)
✖ batch invalid usage or unknown failure preserves reservation and stops successors (103.7671ms)
✖ batch changed grant, prefix, target, price expiry and order fail before dispatch (93.6625ms)
✖ batch held A01 is counted against total even after lawful new settlements (96.3369ms)
ℹ tests 5
ℹ suites 0
ℹ pass 0
ℹ fail 5
ℹ cancelled 0
ℹ skipped 0
ℹ todo 0
ℹ duration_ms 602.3481

✖ failing tests:

test at scripts\real-input-budget.node-test.mjs:20:1
✖ batch permits fourteen exact units only and preserves old unknown/settled requests (123.4468ms)
  Error: REAL_INPUT_BUDGET_HALTED
      at fail (file:///C:/Users/Winner/student-affairs-multimodal-exp/scripts/real-input-budget.mjs:13:30)
      at check (file:///C:/Users/Winner/student-affairs-multimodal-exp/scripts/real-input-budget.mjs:14:40)
      at file:///C:/Users/Winner/student-affairs-multimodal-exp/scripts/real-input-budget.mjs:257:34
      at async locked (file:///C:/Users/Winner/student-affairs-multimodal-exp/scripts/real-input-budget.mjs:124:12)
      at async Object.reserve (file:///C:/Users/Winner/student-affairs-multimodal-exp/scripts/real-input-budget.mjs:256:25)
      at async TestContext.<anonymous> (file:///C:/Users/Winner/student-affairs-multimodal-exp/scripts/real-input-budget.node-test.mjs:22:46)
      at async Test.run (node:internal/test_runner/test:1332:7)
      at async startSubtestAfterBootstrap (node:internal/test_runner/harness:385:3)

test at scripts\real-input-budget.node-test.mjs:30:1
✖ batch parallel and restart cannot repeat or skip a crashed request (112.0847ms)
  AssertionError [ERR_ASSERTION]: Expected values to be strictly equal:
  
  0 !== 1
  
      at TestContext.<anonymous> (file:///C:/Users/Winner/student-affairs-multimodal-exp/scripts/real-input-budget.node-test.mjs:34:10)
      at async Test.run (node:internal/test_runner/test:1332:7)
      at async Test.processPendingSubtests (node:internal/test_runner/test:911:7) {
    generatedMessage: true,
    code: 'ERR_ASSERTION',
    actual: 0,
    expected: 1,
    operator: 'strictEqual',
    diff: 'simple'
  }

test at scripts\real-input-budget.node-test.mjs:39:1
✖ batch invalid usage or unknown failure preserves reservation and stops successors (103.7671ms)
  Error: REAL_INPUT_BUDGET_HALTED
      at fail (file:///C:/Users/Winner/student-affairs-multimodal-exp/scripts/real-input-budget.mjs:13:30)
      at check (file:///C:/Users/Winner/student-affairs-multimodal-exp/scripts/real-input-budget.mjs:14:40)
      at file:///C:/Users/Winner/student-affairs-multimodal-exp/scripts/real-input-budget.mjs:257:34
      at async locked (file:///C:/Users/Winner/student-affairs-multimodal-exp/scripts/real-input-budget.mjs:124:12)
      at async Object.reserve (file:///C:/Users/Winner/student-affairs-multimodal-exp/scripts/real-input-budget.mjs:256:25)
      at async TestContext.<anonymous> (file:///C:/Users/Winner/student-affairs-multimodal-exp/scripts/real-input-budget.node-test.mjs:41:102)
      at async Test.run (node:internal/test_runner/test:1332:7)
      at async Test.processPendingSubtests (node:internal/test_runner/test:911:7)

test at scripts\real-input-budget.node-test.mjs:48:1
✖ batch changed grant, prefix, target, price expiry and order fail before dispatch (93.6625ms)
  AssertionError [ERR_ASSERTION]: Missing expected rejection.
      at async TestContext.<anonymous> (file:///C:/Users/Winner/student-affairs-multimodal-exp/scripts/real-input-budget.node-test.mjs:51:53)
      at async Test.run (node:internal/test_runner/test:1332:7)
      at async Test.processPendingSubtests (node:internal/test_runner/test:911:7) {
    generatedMessage: false,
    code: 'ERR_ASSERTION',
    actual: undefined,
    expected: undefined,
    operator: 'rejects',
    diff: 'simple'
  }

test at scripts\real-input-budget.node-test.mjs:59:1
✖ batch held A01 is counted against total even after lawful new settlements (96.3369ms)
  Error: REAL_INPUT_BUDGET_HALTED
      at fail (file:///C:/Users/Winner/student-affairs-multimodal-exp/scripts/real-input-budget.mjs:13:30)
      at check (file:///C:/Users/Winner/student-affairs-multimodal-exp/scripts/real-input-budget.mjs:14:40)
      at file:///C:/Users/Winner/student-affairs-multimodal-exp/scripts/real-input-budget.mjs:257:34
      at async locked (file:///C:/Users/Winner/student-affairs-multimodal-exp/scripts/real-input-budget.mjs:124:12)
      at async Object.reserve (file:///C:/Users/Winner/student-affairs-multimodal-exp/scripts/real-input-budget.mjs:256:25)
      at async TestContext.<anonymous> (file:///C:/Users/Winner/student-affairs-multimodal-exp/scripts/real-input-budget.node-test.mjs:63:12)
      at async Test.run (node:internal/test_runner/test:1332:7)
      at async Test.processPendingSubtests (node:internal/test_runner/test:911:7)
