
 RUN  v3.2.7 C:/Users/Winner/student-affairs-multimodal-exp

 ❯ src/experiments/realInput01/acceptance.test.tsx (17 tests | 1 failed) 9643ms
   × real App runtime and public send connection; memory/SSR not browser acceptance > batch actual recorded responses retain raw and first suggestions, never default select, preserve A02 and reject identity substitution 5019ms
     → Test timed out in 5000ms.
If this is a long-running test, pass a timeout value as the last argument or configure it globally with "testTimeout".
   ✓ real App runtime and public send connection; memory/SSR not browser acceptance > real-input source description changes only the review banner; engineering and ordinary defaults remain 40ms
   ✓ real App runtime and public send connection; memory/SSR not browser acceptance > actual App forwards an existing description only for the real-input runtime 291ms
   ✓ real App runtime and public send connection; memory/SSR not browser acceptance > actual browser open wrapper rejects creation/upgrade events before legacy handlers, retains existing and old-default opens 267ms
   ✓ real App runtime and public send connection; memory/SSR not browser acceptance > original A02 real App driver preserves provenance, material observation and explicit edits through independent reload  2359ms
   ✓ real App runtime and public send connection; memory/SSR not browser acceptance > recorded runtime rejects replacement database initialization and missing original storage 0ms
   ✓ real App runtime and public send connection; memory/SSR not browser acceptance > recorded launcher builds real App, serves only bound A02 and rejects unauthorized endpoints without model code  851ms
   ✓ real App runtime and public send connection; memory/SSR not browser acceptance > the input renderer is a React component retaining original text without invoking save callbacks during render 4ms
   ✓ real App runtime and public send connection; memory/SSR not browser acceptance > the fact editor render preserves saved facts and does not publish dirty or saved notifications during render 45ms
   ✓ real App runtime and public send connection; memory/SSR not browser acceptance > real homepage retains dates and explains review before any send; old presentation remains 1ms
   ✓ real App runtime and public send connection; memory/SSR not browser acceptance > mounts the actual App with isolated capabilities and does not read old storage 4ms
   ✓ real App runtime and public send connection; memory/SSR not browser acceptance > source-first to correct confirmation and independent reload: no-date 130ms
   ✓ real App runtime and public send connection; memory/SSR not browser acceptance > source-first to correct confirmation and independent reload: multi 280ms
   ✓ real App runtime and public send connection; memory/SSR not browser acceptance > source-first to correct confirmation and independent reload: condition-true 116ms
   ✓ real App runtime and public send connection; memory/SSR not browser acceptance > source-first to correct confirmation and independent reload: revision 156ms
   ✓ real App runtime and public send connection; memory/SSR not browser acceptance > a failed executor is terminal, no retry; missing or malformed database never falls back 28ms
   ✓ real App runtime and public send connection; memory/SSR not browser acceptance > client sends exactly the bound text request once, then refuses duplicate or changed input 49ms

⎯⎯⎯⎯⎯⎯⎯ Failed Tests 1 ⎯⎯⎯⎯⎯⎯⎯

 FAIL  src/experiments/realInput01/acceptance.test.tsx > real App runtime and public send connection; memory/SSR not browser acceptance > batch actual recorded responses retain raw and first suggestions, never default select, preserve A02 and reject identity substitution
Error: Test timed out in 5000ms.
If this is a long-running test, pass a timeout value as the last argument or configure it globally with "testTimeout".
 ❯ src/experiments/realInput01/acceptance.test.tsx:45:3
     43| }
     44| describe('real App runtime and public send connection; memory/SSR not …
     45|   it('batch actual recorded responses retain raw and first suggestions…
       |   ^
     46|     const root='docs/recognition-optimization/mainline-real-input-01/r…
     47|     const binding=JSON.parse(readFileSync(root+'usage-resume-20260907a…

⎯⎯⎯⎯⎯⎯⎯⎯⎯⎯⎯⎯⎯⎯⎯⎯⎯⎯⎯⎯⎯⎯⎯⎯[1/1]⎯


 Test Files  1 failed (1)
      Tests  1 failed | 16 passed (17)
   Start at  23:35:48
   Duration  11.04s (transform 685ms, setup 0ms, collect 1.09s, tests 9.64s, environment 0ms, prepare 115ms)

