✔ batch permits fourteen exact units only and preserves old unknown/settled requests (860.5659ms)
✔ batch parallel and restart cannot repeat or skip a crashed request (174.0763ms)
✔ batch invalid usage or unknown failure preserves reservation and stops successors (290.7832ms)
✔ batch changed grant, prefix, target, price expiry and order fail before dispatch (198.8803ms)
✔ batch held A01 is counted against total even after lawful new settlements (167.2138ms)
✔ separate Node crash after recovery reservation cannot return the grant on reopen (166.2084ms)
✔ recovery rejects expired billing, changed limits and request payload before reservation (80.4081ms)
✔ one-shot A02 recovery preserves A01 unknown cost and prefix while normal completion cannot unlock A03 (122.693ms)
✔ recovery competing callers and crash/reopen consume at most one new reservation without sending (92.9014ms)
✔ recovery rejects changed prior, target, route and binding fields before ledger writes (419.9004ms)
✔ recovery rejects ordinary pending without the designated transport halt (68.8025ms)
✔ A02 invalid usage and uncertainty retain both reservations and never reopen the grant (199.6886ms)
✔ ambiguous decoded response keys retain full reserve, survive reopen and halt next dispatch (596.9806ms)
✔ valid decoded keys, ordering, whitespace and key-looking model text still settle normally (73.248ms)
✔ conservative context envelope and integer settlement have no floating-point budget drift (0.3744ms)
✔ normal request reserves durably before completion; only complete usage releases surplus (70.0942ms)
✔ all 24 logical units share one ledger across reopened browser/runner handles (1934.3854ms)
✔ 10 yuan is checked using spent upper cost plus the next full reservation (101.7638ms)
✔ concurrent tabs cannot reserve twice; cross-instance overlap retains one pending request (43.3714ms)
✔ two independent Node processes cannot bypass the shared filesystem lock (122.3625ms)
✔ process restart after a durable reservation never resends or releases it (56.3122ms)
✔ timeout/unknown failure retains full reservation and permanently stops this book (56.6455ms)
✔ missing usage cannot settle or release the reservation (46.4667ms)
✔ mismatched total cannot settle or release the reservation (45.3613ms)
✔ zero tokens for nonempty input cannot settle or release the reservation (46.3349ms)
✔ excess input cannot settle or release the reservation (48.6874ms)
✔ excess output cannot settle or release the reservation (48.3627ms)
✔ wrong model cannot settle or release the reservation (47.6293ms)
✔ incomplete response cannot settle or release the reservation (45.7055ms)
✔ unsupported reasoning cannot settle or release the reservation (51.0073ms)
✔ tools cannot settle or release the reservation (47.4945ms)
✔ string usage cannot settle or release the reservation (45.6146ms)
✔ even a parseable HTTP failure is not settled (39.3576ms)
✔ response reuse is a binding anomaly, not another cheap completed call (60.4626ms)
✔ price/context/protocol changes halt before dispatch; frozen requests cannot change (42.8194ms)
✔ expired billing review and premature C are rejected (36.4966ms)
✔ returned snapshot cannot change the frozen request, including its byte length (57.7447ms)
✔ snapshot mutation cannot replace B inputs or permit an incompatible C candidate (892.0592ms)
✔ a valid-prefix truncation is detected by the independent write-once receipts (44.8456ms)
✔ missing ledger and abandoned lock do not initialize a fresh allowance (44.1106ms)
✔ recomputing row hashes does not make a mismatched settlement valid (45.2595ms)
✔ manifest changes and response shape tricks fail without coercion (26.5119ms)
ℹ tests 42
ℹ suites 0
ℹ pass 42
ℹ fail 0
ℹ cancelled 0
ℹ skipped 0
ℹ todo 0
ℹ duration_ms 7739.7473
