✔ separate Node crash after recovery reservation cannot return the grant on reopen (207.7222ms)
✔ recovery rejects expired billing, changed limits and request payload before reservation (93.82ms)
✔ one-shot A02 recovery preserves A01 unknown cost and prefix while normal completion cannot unlock A03 (148.0688ms)
✔ recovery competing callers and crash/reopen consume at most one new reservation without sending (106.9773ms)
✔ recovery rejects changed prior, target, route and binding fields before ledger writes (475.9721ms)
✔ recovery rejects ordinary pending without the designated transport halt (73.3946ms)
✔ A02 invalid usage and uncertainty retain both reservations and never reopen the grant (237.633ms)
✔ ambiguous decoded response keys retain full reserve, survive reopen and halt next dispatch (641.9832ms)
✔ valid decoded keys, ordering, whitespace and key-looking model text still settle normally (79.0771ms)
✔ conservative context envelope and integer settlement have no floating-point budget drift (0.3747ms)
✔ normal request reserves durably before completion; only complete usage releases surplus (70.0425ms)
✔ all 24 logical units share one ledger across reopened browser/runner handles (1828.6699ms)
✔ 10 yuan is checked using spent upper cost plus the next full reservation (94.7306ms)
✔ concurrent tabs cannot reserve twice; cross-instance overlap retains one pending request (40.9053ms)
✔ two independent Node processes cannot bypass the shared filesystem lock (122.5919ms)
✔ process restart after a durable reservation never resends or releases it (43.9016ms)
✔ timeout/unknown failure retains full reservation and permanently stops this book (50.1313ms)
✔ missing usage cannot settle or release the reservation (45.4413ms)
✔ mismatched total cannot settle or release the reservation (40.1738ms)
✔ zero tokens for nonempty input cannot settle or release the reservation (45.751ms)
✔ excess input cannot settle or release the reservation (42.9715ms)
✔ excess output cannot settle or release the reservation (43.5128ms)
✔ wrong model cannot settle or release the reservation (43.3626ms)
✔ incomplete response cannot settle or release the reservation (45.7051ms)
✔ unsupported reasoning cannot settle or release the reservation (50.2181ms)
✔ tools cannot settle or release the reservation (39.7946ms)
✔ string usage cannot settle or release the reservation (43.1447ms)
✔ even a parseable HTTP failure is not settled (37.9564ms)
✔ response reuse is a binding anomaly, not another cheap completed call (55.3022ms)
✔ price/context/protocol changes halt before dispatch; frozen requests cannot change (35.3691ms)
✔ expired billing review and premature C are rejected (37.1045ms)
✔ returned snapshot cannot change the frozen request, including its byte length (54.4369ms)
✔ snapshot mutation cannot replace B inputs or permit an incompatible C candidate (803.2184ms)
✔ a valid-prefix truncation is detected by the independent write-once receipts (40.4326ms)
✔ missing ledger and abandoned lock do not initialize a fresh allowance (37.3646ms)
✔ recomputing row hashes does not make a mismatched settlement valid (38.5764ms)
✔ manifest changes and response shape tricks fail without coercion (20.0093ms)
✔ pinned route sends no credentials to proxy and dispatches only after verified TLS, once (6.1462ms)
✔ proxy authentication demand and unverified TLS cannot send the API credential or body (0.4405ms)
✔ abort and alternative destination fail before opening a proxy connection (0.2585ms)
✔ the only successful path preserves raw response, binds usage and uses the fixed upstream without redirects (59.3715ms)
✔ credential is not read at gateway initialization or on rejected origins and routes (33.2222ms)
✔ browser cannot supply a model, endpoint, request body, usage or alternative budget book (26.4207ms)
✔ missing credentials do not consume an allowance and are never reflected (32.1096ms)
✔ reserved request cannot be duplicated by a second gateway or service restart (64.8116ms)
✔ concurrent browser and runner cannot dispatch the same logical request twice (63.6439ms)
✔ HTTP failure stops dispatch, retains the full reserve and returns only a safe code (53.6915ms)
✔ redirect stops dispatch, retains the full reserve and returns only a safe code (55.9407ms)
✔ wrong content type stops dispatch, retains the full reserve and returns only a safe code (55.9898ms)
✔ response size exceeded stops dispatch, retains the full reserve and returns only a safe code (55.7843ms)
✔ credential echo stops dispatch, retains the full reserve and returns only a safe code (56.9808ms)
✔ usage missing stops dispatch, retains the full reserve and returns only a safe code (58.7967ms)
✔ model drift stops dispatch, retains the full reserve and returns only a safe code (55.5671ms)
✔ timeout aborts once; late completion cannot settle or append a second response (107.5835ms)
✔ raw-result storage failure cannot release money or silently claim success (43.5481ms)
✔ safe diagnostic DNS: classified without error text and unknown reserve survives reopening (69.8424ms)
✔ safe diagnostic connect timeout: classified without error text and unknown reserve survives reopening (67.4551ms)
✔ safe diagnostic TLS: classified without error text and unknown reserve survives reopening (69.9488ms)
✔ safe diagnostic connection reset: classified without error text and unknown reserve survives reopening (71.1078ms)
✔ safe diagnostic unknown code: classified without error text and unknown reserve survives reopening (72.8583ms)
✔ safe diagnostic HTTP 401: classified without error text and unknown reserve survives reopening (71.2711ms)
✔ safe diagnostic HTTP 502: classified without error text and unknown reserve survives reopening (78.9445ms)
✔ safe diagnostic content type: classified without error text and unknown reserve survives reopening (68.5478ms)
✔ safe diagnostic body timeout: classified without error text and unknown reserve survives reopening (69.714ms)
✔ safe diagnostic oversize: classified without error text and unknown reserve survives reopening (69.0813ms)
✔ safe diagnostic UTF8: classified without error text and unknown reserve survives reopening (75.9181ms)
✔ safe diagnostic JSON: classified without error text and unknown reserve survives reopening (76.8804ms)
✔ safe diagnostic reflection: classified without error text and unknown reserve survives reopening (68.6866ms)
✔ safe diagnostic raw store: classified without error text and unknown reserve survives reopening (68.6922ms)
✔ safe diagnostic settlement: classified without error text and unknown reserve survives reopening (92.1217ms)
✔ diagnostic normal and missing-configuration controls do not alter raw success or consume a missing-key reservation (69.6501ms)
✔ diagnostic uses descriptors not error getters, and never exports arbitrary error properties (38.5675ms)
✔ local deadline diagnostic remains distinct from transport timeout and late headers cannot rewrite it (101.6763ms)
✔ uncertainty persistence failure is visible without releasing or retrying the reserved call (46.0184ms)
✔ frozen request object cannot be swapped after gateway creation (37.6223ms)
✔ unapproved parameters and non-text content fail before any gateway can be created (30.4248ms)
✔ JSON escaped output value cannot reach recording, response or settlement (73.2421ms)
✔ JSON escaped object key cannot reach recording, response or settlement (75.8888ms)
✔ nested model JSON value cannot reach recording, response or settlement (75.9684ms)
✔ nested model JSON key cannot reach recording, response or settlement (73.0464ms)
✔ twice nested model JSON cannot reach recording, response or settlement (77.197ms)
✔ discarded duplicate JSON property cannot reach recording, response or settlement (73.8644ms)
✔ normal escaped Chinese and nested JSON retain exact raw bytes and can be recorded and settled (53.4613ms)
ℹ tests 83
ℹ suites 0
ℹ pass 83
ℹ fail 0
ℹ cancelled 0
ℹ skipped 0
ℹ todo 0
ℹ duration_ms 5996.305
