✔ ambiguous decoded response keys retain full reserve, survive reopen and halt next dispatch (617.0927ms)
✔ valid decoded keys, ordering, whitespace and key-looking model text still settle normally (70.1423ms)
✔ conservative context envelope and integer settlement have no floating-point budget drift (0.2946ms)
✔ normal request reserves durably before completion; only complete usage releases surplus (58.2424ms)
✔ all 24 logical units share one ledger across reopened browser/runner handles (1829.9766ms)
✔ 10 yuan is checked using spent upper cost plus the next full reservation (82.9239ms)
✔ concurrent tabs cannot reserve twice; cross-instance overlap retains one pending request (34.7613ms)
✔ two independent Node processes cannot bypass the shared filesystem lock (115.801ms)
✔ process restart after a durable reservation never resends or releases it (42.1104ms)
✔ timeout/unknown failure retains full reservation and permanently stops this book (46.0448ms)
✔ missing usage cannot settle or release the reservation (39.4101ms)
✔ mismatched total cannot settle or release the reservation (43.4185ms)
✔ zero tokens for nonempty input cannot settle or release the reservation (49.9772ms)
✔ excess input cannot settle or release the reservation (49.0039ms)
✔ excess output cannot settle or release the reservation (46.7285ms)
✔ wrong model cannot settle or release the reservation (45.0607ms)
✔ incomplete response cannot settle or release the reservation (48.7606ms)
✔ unsupported reasoning cannot settle or release the reservation (50.8033ms)
✔ tools cannot settle or release the reservation (47.4361ms)
✔ string usage cannot settle or release the reservation (50.9655ms)
✔ even a parseable HTTP failure is not settled (43.9035ms)
✔ response reuse is a binding anomaly, not another cheap completed call (67.6805ms)
✔ price/context/protocol changes halt before dispatch; frozen requests cannot change (45.1899ms)
✔ expired billing review and premature C are rejected (35.3509ms)
✔ returned snapshot cannot change the frozen request, including its byte length (60.0393ms)
✔ snapshot mutation cannot replace B inputs or permit an incompatible C candidate (896.5218ms)
✔ a valid-prefix truncation is detected by the independent write-once receipts (43.2811ms)
✔ missing ledger and abandoned lock do not initialize a fresh allowance (42.3853ms)
✔ recomputing row hashes does not make a mismatched settlement valid (44.2829ms)
✔ manifest changes and response shape tricks fail without coercion (21.393ms)
✔ the only successful path preserves raw response, binds usage and uses the fixed upstream without redirects (75.4416ms)
✔ credential is not read at gateway initialization or on rejected origins and routes (31.0172ms)
✔ browser cannot supply a model, endpoint, request body, usage or alternative budget book (25.1849ms)
✔ missing credentials do not consume an allowance and are never reflected (28.0288ms)
✔ reserved request cannot be duplicated by a second gateway or service restart (67.3004ms)
✔ concurrent browser and runner cannot dispatch the same logical request twice (66.6106ms)
✔ HTTP failure stops dispatch, retains the full reserve and returns only a safe code (53.5833ms)
✔ redirect stops dispatch, retains the full reserve and returns only a safe code (52.9892ms)
✔ wrong content type stops dispatch, retains the full reserve and returns only a safe code (53.5928ms)
✔ response size exceeded stops dispatch, retains the full reserve and returns only a safe code (52.4481ms)
✔ credential echo stops dispatch, retains the full reserve and returns only a safe code (51.2493ms)
✔ usage missing stops dispatch, retains the full reserve and returns only a safe code (52.8828ms)
✔ model drift stops dispatch, retains the full reserve and returns only a safe code (51.6904ms)
✔ timeout aborts once; late completion cannot settle or append a second response (103.9159ms)
✔ raw-result storage failure cannot release money or silently claim success (41.1453ms)
✔ safe diagnostic DNS: classified without error text and unknown reserve survives reopening (63.5397ms)
✔ safe diagnostic connect timeout: classified without error text and unknown reserve survives reopening (62.6581ms)
✔ safe diagnostic TLS: classified without error text and unknown reserve survives reopening (63.0837ms)
✔ safe diagnostic connection reset: classified without error text and unknown reserve survives reopening (63.0114ms)
✔ safe diagnostic unknown code: classified without error text and unknown reserve survives reopening (61.1436ms)
✔ safe diagnostic HTTP 401: classified without error text and unknown reserve survives reopening (59.0108ms)
✔ safe diagnostic HTTP 502: classified without error text and unknown reserve survives reopening (59.0416ms)
✔ safe diagnostic content type: classified without error text and unknown reserve survives reopening (60.5671ms)
✔ safe diagnostic body timeout: classified without error text and unknown reserve survives reopening (63.7851ms)
✔ safe diagnostic oversize: classified without error text and unknown reserve survives reopening (62.4829ms)
✔ safe diagnostic UTF8: classified without error text and unknown reserve survives reopening (62.9572ms)
✔ safe diagnostic JSON: classified without error text and unknown reserve survives reopening (61.0043ms)
✔ safe diagnostic reflection: classified without error text and unknown reserve survives reopening (64.796ms)
✔ safe diagnostic raw store: classified without error text and unknown reserve survives reopening (61.7563ms)
✔ safe diagnostic settlement: classified without error text and unknown reserve survives reopening (67.4148ms)
✔ diagnostic normal and missing-configuration controls do not alter raw success or consume a missing-key reservation (60.9154ms)
✔ diagnostic uses descriptors not error getters, and never exports arbitrary error properties (36.3176ms)
✔ local deadline diagnostic remains distinct from transport timeout and late headers cannot rewrite it (92.4028ms)
✔ uncertainty persistence failure is visible without releasing or retrying the reserved call (35.9819ms)
✔ frozen request object cannot be swapped after gateway creation (37.6956ms)
✔ unapproved parameters and non-text content fail before any gateway can be created (26.9209ms)
✔ JSON escaped output value cannot reach recording, response or settlement (67.7331ms)
✔ JSON escaped object key cannot reach recording, response or settlement (66.6896ms)
✔ nested model JSON value cannot reach recording, response or settlement (66.4103ms)
✔ nested model JSON key cannot reach recording, response or settlement (65.5645ms)
✔ twice nested model JSON cannot reach recording, response or settlement (67.725ms)
✔ discarded duplicate JSON property cannot reach recording, response or settlement (66.7884ms)
✔ normal escaped Chinese and nested JSON retain exact raw bytes and can be recorded and settled (50.7838ms)
ℹ tests 73
ℹ suites 0
ℹ pass 73
ℹ fail 0
ℹ cancelled 0
ℹ skipped 0
ℹ todo 0
ℹ duration_ms 4751.7005
