✔ conservative context envelope and integer settlement have no floating-point budget drift (1.3024ms)
✔ normal request reserves durably before completion; only complete usage releases surplus (99.1228ms)
✔ all 24 logical units share one ledger across reopened browser/runner handles (2124.6282ms)
✔ 10 yuan is checked using spent upper cost plus the next full reservation (128.3728ms)
✔ concurrent tabs cannot reserve twice; cross-instance overlap retains one pending request (41.6247ms)
✔ two independent Node processes cannot bypass the shared filesystem lock (155.4547ms)
✔ process restart after a durable reservation never resends or releases it (47.9018ms)
✔ timeout/unknown failure retains full reservation and permanently stops this book (53.8789ms)
✔ missing usage cannot settle or release the reservation (38.8229ms)
✔ mismatched total cannot settle or release the reservation (70.4086ms)
✔ zero tokens for nonempty input cannot settle or release the reservation (38.2133ms)
✔ excess input cannot settle or release the reservation (42.0345ms)
✔ excess output cannot settle or release the reservation (40.4298ms)
✔ wrong model cannot settle or release the reservation (62.6738ms)
✔ incomplete response cannot settle or release the reservation (87.7047ms)
✔ unsupported reasoning cannot settle or release the reservation (60.3738ms)
✔ tools cannot settle or release the reservation (52.0465ms)
✔ string usage cannot settle or release the reservation (53.5316ms)
✔ even a parseable HTTP failure is not settled (44.2357ms)
✔ response reuse is a binding anomaly, not another cheap completed call (67.9478ms)
✔ price/context/protocol changes halt before dispatch; frozen requests cannot change (76.2101ms)
✔ expired billing review and premature C are rejected (38.7658ms)
✔ returned snapshot cannot change the frozen request, including its byte length (63.1577ms)
✔ snapshot mutation cannot replace B inputs or permit an incompatible C candidate (1098.3675ms)
✔ a valid-prefix truncation is detected by the independent write-once receipts (46.2006ms)
✔ missing ledger and abandoned lock do not initialize a fresh allowance (114.2821ms)
✔ recomputing row hashes does not make a mismatched settlement valid (44.6346ms)
✔ manifest changes and response shape tricks fail without coercion (22.8681ms)
✔ the only successful path preserves raw response, binds usage and uses the fixed upstream without redirects (95.8926ms)
✔ credential is not read at gateway initialization or on rejected origins and routes (36.3268ms)
✔ browser cannot supply a model, endpoint, request body, usage or alternative budget book (27.4355ms)
✔ missing credentials do not consume an allowance and are never reflected (62.2543ms)
✔ reserved request cannot be duplicated by a second gateway or service restart (74.8962ms)
✔ concurrent browser and runner cannot dispatch the same logical request twice (60.8725ms)
✔ HTTP failure stops dispatch, retains the full reserve and returns only a safe code (94.1454ms)
✔ redirect stops dispatch, retains the full reserve and returns only a safe code (61.4257ms)
✔ wrong content type stops dispatch, retains the full reserve and returns only a safe code (55.103ms)
✔ response size exceeded stops dispatch, retains the full reserve and returns only a safe code (91.6589ms)
✔ credential echo stops dispatch, retains the full reserve and returns only a safe code (49.9665ms)
✔ usage missing stops dispatch, retains the full reserve and returns only a safe code (53.4433ms)
✔ model drift stops dispatch, retains the full reserve and returns only a safe code (50.2227ms)
✔ timeout aborts once; late completion cannot settle or append a second response (136.0003ms)
✔ raw-result storage failure cannot release money or silently claim success (46.8045ms)
✔ frozen request object cannot be swapped after gateway creation (39.5791ms)
✔ unapproved parameters and non-text content fail before any gateway can be created (31.8851ms)
✔ JSON escaped output value cannot reach recording, response or settlement (113.9389ms)
✔ JSON escaped object key cannot reach recording, response or settlement (80.2404ms)
✔ nested model JSON value cannot reach recording, response or settlement (76.8628ms)
✔ nested model JSON key cannot reach recording, response or settlement (106.8459ms)
✔ twice nested model JSON cannot reach recording, response or settlement (72.2607ms)
✔ discarded duplicate JSON property cannot reach recording, response or settlement (85.0448ms)
✔ normal escaped Chinese and nested JSON retain exact raw bytes and can be recorded and settled (89.4599ms)
ℹ tests 52
ℹ suites 0
ℹ pass 52
ℹ fail 0
ℹ cancelled 0
ℹ skipped 0
ℹ todo 0
ℹ duration_ms 4909.9558
