✔ one-shot A02 recovery preserves A01 unknown cost and prefix while normal completion cannot unlock A03 (133.7698ms)
✔ recovery competing callers and crash/reopen consume at most one new reservation without sending (86.518ms)
✔ recovery rejects changed prior, target, route and binding fields before ledger writes (420.5307ms)
✔ recovery rejects ordinary pending without the designated transport halt (64.3951ms)
✔ A02 invalid usage and uncertainty retain both reservations and never reopen the grant (192.6063ms)
✔ ambiguous decoded response keys retain full reserve, survive reopen and halt next dispatch (513.7917ms)
✔ valid decoded keys, ordering, whitespace and key-looking model text still settle normally (63.9901ms)
✔ conservative context envelope and integer settlement have no floating-point budget drift (0.3355ms)
✔ normal request reserves durably before completion; only complete usage releases surplus (56.5497ms)
✔ all 24 logical units share one ledger across reopened browser/runner handles (1608.7835ms)
✔ 10 yuan is checked using spent upper cost plus the next full reservation (90.296ms)
✔ concurrent tabs cannot reserve twice; cross-instance overlap retains one pending request (36.6773ms)
✔ two independent Node processes cannot bypass the shared filesystem lock (119.513ms)
✔ process restart after a durable reservation never resends or releases it (44.2184ms)
✔ timeout/unknown failure retains full reservation and permanently stops this book (43.9096ms)
✔ missing usage cannot settle or release the reservation (39.2361ms)
✔ mismatched total cannot settle or release the reservation (44.0859ms)
✔ zero tokens for nonempty input cannot settle or release the reservation (39.0395ms)
✔ excess input cannot settle or release the reservation (39.9755ms)
✔ excess output cannot settle or release the reservation (38.7911ms)
✔ wrong model cannot settle or release the reservation (45.2526ms)
✔ incomplete response cannot settle or release the reservation (46.5594ms)
✔ unsupported reasoning cannot settle or release the reservation (45.2577ms)
✔ tools cannot settle or release the reservation (43.2757ms)
✔ string usage cannot settle or release the reservation (42.3857ms)
✔ even a parseable HTTP failure is not settled (31.9264ms)
✔ response reuse is a binding anomaly, not another cheap completed call (50.7419ms)
✔ price/context/protocol changes halt before dispatch; frozen requests cannot change (34.6086ms)
✔ expired billing review and premature C are rejected (35.2405ms)
✔ returned snapshot cannot change the frozen request, including its byte length (46.7216ms)
✔ snapshot mutation cannot replace B inputs or permit an incompatible C candidate (743.4587ms)
✔ a valid-prefix truncation is detected by the independent write-once receipts (41.3277ms)
✔ missing ledger and abandoned lock do not initialize a fresh allowance (34.4763ms)
✔ recomputing row hashes does not make a mismatched settlement valid (35.3111ms)
✔ manifest changes and response shape tricks fail without coercion (21.5928ms)
ℹ tests 35
ℹ suites 0
ℹ pass 35
ℹ fail 0
ℹ cancelled 0
ℹ skipped 0
ℹ todo 0
ℹ duration_ms 5050.5781
