✔ pinned route sends no credentials to proxy and dispatches only after verified TLS, once (7.115ms)
✔ proxy authentication demand and unverified TLS cannot send the API credential or body (0.4595ms)
✔ abort and alternative destination fail before opening a proxy connection (0.2641ms)
✔ the only successful path preserves raw response, binds usage and uses the fixed upstream without redirects (58.8076ms)
✔ credential is not read at gateway initialization or on rejected origins and routes (28.324ms)
✔ browser cannot supply a model, endpoint, request body, usage or alternative budget book (21.7375ms)
✔ missing credentials do not consume an allowance and are never reflected (27.4533ms)
✔ reserved request cannot be duplicated by a second gateway or service restart (57.486ms)
✔ concurrent browser and runner cannot dispatch the same logical request twice (65.9892ms)
✔ HTTP failure stops dispatch, retains the full reserve and returns only a safe code (46.8584ms)
✔ redirect stops dispatch, retains the full reserve and returns only a safe code (46.8012ms)
✔ wrong content type stops dispatch, retains the full reserve and returns only a safe code (52.0492ms)
✔ response size exceeded stops dispatch, retains the full reserve and returns only a safe code (52.4393ms)
✔ credential echo stops dispatch, retains the full reserve and returns only a safe code (47.2549ms)
✔ usage missing stops dispatch, retains the full reserve and returns only a safe code (49.3502ms)
✔ model drift stops dispatch, retains the full reserve and returns only a safe code (49.6601ms)
✔ timeout aborts once; late completion cannot settle or append a second response (105.8206ms)
✔ raw-result storage failure cannot release money or silently claim success (41.2476ms)
✔ safe diagnostic DNS: classified without error text and unknown reserve survives reopening (61.2958ms)
✔ safe diagnostic connect timeout: classified without error text and unknown reserve survives reopening (63.5289ms)
✔ safe diagnostic TLS: classified without error text and unknown reserve survives reopening (61.6538ms)
✔ safe diagnostic connection reset: classified without error text and unknown reserve survives reopening (59.9861ms)
✔ safe diagnostic unknown code: classified without error text and unknown reserve survives reopening (62.4788ms)
✔ safe diagnostic HTTP 401: classified without error text and unknown reserve survives reopening (61.1646ms)
✔ safe diagnostic HTTP 502: classified without error text and unknown reserve survives reopening (61.4183ms)
✔ safe diagnostic content type: classified without error text and unknown reserve survives reopening (60.3882ms)
✔ safe diagnostic body timeout: classified without error text and unknown reserve survives reopening (70.3977ms)
✔ safe diagnostic oversize: classified without error text and unknown reserve survives reopening (58.8823ms)
✔ safe diagnostic UTF8: classified without error text and unknown reserve survives reopening (62.99ms)
✔ safe diagnostic JSON: classified without error text and unknown reserve survives reopening (60.5453ms)
✔ safe diagnostic reflection: classified without error text and unknown reserve survives reopening (60.0775ms)
✔ safe diagnostic raw store: classified without error text and unknown reserve survives reopening (60.284ms)
✔ safe diagnostic settlement: classified without error text and unknown reserve survives reopening (60.8381ms)
✔ diagnostic normal and missing-configuration controls do not alter raw success or consume a missing-key reservation (60.4093ms)
✔ diagnostic uses descriptors not error getters, and never exports arbitrary error properties (37.2464ms)
✔ local deadline diagnostic remains distinct from transport timeout and late headers cannot rewrite it (87.4096ms)
✔ uncertainty persistence failure is visible without releasing or retrying the reserved call (35.3348ms)
✔ frozen request object cannot be swapped after gateway creation (33.6811ms)
✔ unapproved parameters and non-text content fail before any gateway can be created (26.8421ms)
✔ JSON escaped output value cannot reach recording, response or settlement (64.8471ms)
✔ JSON escaped object key cannot reach recording, response or settlement (66.1106ms)
✔ nested model JSON value cannot reach recording, response or settlement (66.4384ms)
✔ nested model JSON key cannot reach recording, response or settlement (63.7135ms)
✔ twice nested model JSON cannot reach recording, response or settlement (66.6646ms)
✔ discarded duplicate JSON property cannot reach recording, response or settlement (63.3261ms)
✔ normal escaped Chinese and nested JSON retain exact raw bytes and can be recorded and settled (46.4372ms)
ℹ tests 46
ℹ suites 0
ℹ pass 46
ℹ fail 0
ℹ cancelled 0
ℹ skipped 0
ℹ todo 0
ℹ duration_ms 2499.7386
