✖ A02 send gate binds new review to original input, grant, old ledger, current code and exact public evidence without sending (726.4013ms)
✔ recovery scope permits only seven scripts and rejects HEAD, readonly source and protection drift (802.3059ms)
✔ send gate binds independent approval, all current code, input artifacts, exact candidate and current billing without sending (701.6856ms)
✔ binding ties each actual prepared source to its database, unit and engineering carrier (6.0974ms)
▶ local real App serves exact assets, rejects secret paths and unbound endpoints, and retains normal replay
  ✔ real App bundle; no upstream sender or emitted engineering answers (52.2433ms)
  ✔ secret, root traversal and unregistered paths are not a static file server (27.8159ms)
  ✔ cross-origin, host substitution and wrong session capability reject (34.1731ms)
  ✔ live endpoint is unavailable in explicit zero-call mode (12.6625ms)
  ✔ valid known engineering source returns labelled replay, unknown source does not fallback (79.8739ms)
✔ local real App serves exact assets, rejects secret paths and unbound endpoints, and retains normal replay (937.135ms)
✔ separate Node crash after recovery reservation cannot return the grant on reopen (219.7064ms)
✔ recovery rejects expired billing, changed limits and request payload before reservation (95.7098ms)
✔ one-shot A02 recovery preserves A01 unknown cost and prefix while normal completion cannot unlock A03 (149.4286ms)
✔ recovery competing callers and crash/reopen consume at most one new reservation without sending (110.4885ms)
✔ recovery rejects changed prior, target, route and binding fields before ledger writes (519.2359ms)
✔ recovery rejects ordinary pending without the designated transport halt (73.0244ms)
✔ A02 invalid usage and uncertainty retain both reservations and never reopen the grant (230.8414ms)
✔ ambiguous decoded response keys retain full reserve, survive reopen and halt next dispatch (658.059ms)
✔ valid decoded keys, ordering, whitespace and key-looking model text still settle normally (80.3815ms)
✔ conservative context envelope and integer settlement have no floating-point budget drift (0.3956ms)
✔ normal request reserves durably before completion; only complete usage releases surplus (64.8777ms)
✔ all 24 logical units share one ledger across reopened browser/runner handles (2155.5583ms)
✔ 10 yuan is checked using spent upper cost plus the next full reservation (110.0042ms)
✔ concurrent tabs cannot reserve twice; cross-instance overlap retains one pending request (46.3191ms)
✔ two independent Node processes cannot bypass the shared filesystem lock (127.46ms)
✔ process restart after a durable reservation never resends or releases it (51.5759ms)
✔ timeout/unknown failure retains full reservation and permanently stops this book (55.4627ms)
✔ missing usage cannot settle or release the reservation (50.4248ms)
✔ mismatched total cannot settle or release the reservation (45.9122ms)
✔ zero tokens for nonempty input cannot settle or release the reservation (48.2003ms)
✔ excess input cannot settle or release the reservation (46.9738ms)
✔ excess output cannot settle or release the reservation (52.2742ms)
✔ wrong model cannot settle or release the reservation (47.1945ms)
✔ incomplete response cannot settle or release the reservation (48.5427ms)
✔ unsupported reasoning cannot settle or release the reservation (48.5383ms)
✔ tools cannot settle or release the reservation (48.7925ms)
✔ string usage cannot settle or release the reservation (47.8989ms)
✔ even a parseable HTTP failure is not settled (40.604ms)
✔ response reuse is a binding anomaly, not another cheap completed call (61.638ms)
✔ price/context/protocol changes halt before dispatch; frozen requests cannot change (45.9555ms)
✔ expired billing review and premature C are rejected (39.6698ms)
✔ returned snapshot cannot change the frozen request, including its byte length (55.8438ms)
✔ snapshot mutation cannot replace B inputs or permit an incompatible C candidate (892.9884ms)
✔ a valid-prefix truncation is detected by the independent write-once receipts (48.4158ms)
✔ missing ledger and abandoned lock do not initialize a fresh allowance (48.3063ms)
✔ recomputing row hashes does not make a mismatched settlement valid (42.5385ms)
✔ manifest changes and response shape tricks fail without coercion (17.5136ms)
✔ pinned route sends no credentials to proxy and dispatches only after verified TLS, once (5.9133ms)
✔ proxy authentication demand and unverified TLS cannot send the API credential or body (0.4624ms)
✔ abort and alternative destination fail before opening a proxy connection (0.2453ms)
✔ the only successful path preserves raw response, binds usage and uses the fixed upstream without redirects (63.482ms)
✔ credential is not read at gateway initialization or on rejected origins and routes (43.0897ms)
✔ browser cannot supply a model, endpoint, request body, usage or alternative budget book (28.2115ms)
✔ missing credentials do not consume an allowance and are never reflected (35.683ms)
✔ reserved request cannot be duplicated by a second gateway or service restart (67.4839ms)
✔ concurrent browser and runner cannot dispatch the same logical request twice (57.2513ms)
✔ HTTP failure stops dispatch, retains the full reserve and returns only a safe code (63.3523ms)
✔ redirect stops dispatch, retains the full reserve and returns only a safe code (55.4031ms)
✔ wrong content type stops dispatch, retains the full reserve and returns only a safe code (61.0458ms)
✔ response size exceeded stops dispatch, retains the full reserve and returns only a safe code (62.0632ms)
✔ credential echo stops dispatch, retains the full reserve and returns only a safe code (62.0188ms)
✔ usage missing stops dispatch, retains the full reserve and returns only a safe code (60.2711ms)
✔ model drift stops dispatch, retains the full reserve and returns only a safe code (57.8829ms)
✔ timeout aborts once; late completion cannot settle or append a second response (109.6931ms)
✔ raw-result storage failure cannot release money or silently claim success (53.802ms)
✔ safe diagnostic DNS: classified without error text and unknown reserve survives reopening (75.4841ms)
✔ safe diagnostic connect timeout: classified without error text and unknown reserve survives reopening (72.2365ms)
✔ safe diagnostic TLS: classified without error text and unknown reserve survives reopening (75.8524ms)
✔ safe diagnostic connection reset: classified without error text and unknown reserve survives reopening (73.276ms)
✔ safe diagnostic unknown code: classified without error text and unknown reserve survives reopening (68.7642ms)
✔ safe diagnostic HTTP 401: classified without error text and unknown reserve survives reopening (74.1931ms)
✔ safe diagnostic HTTP 502: classified without error text and unknown reserve survives reopening (68.569ms)
✔ safe diagnostic content type: classified without error text and unknown reserve survives reopening (73.158ms)
✔ safe diagnostic body timeout: classified without error text and unknown reserve survives reopening (74.3372ms)
✔ safe diagnostic oversize: classified without error text and unknown reserve survives reopening (76.4163ms)
✔ safe diagnostic UTF8: classified without error text and unknown reserve survives reopening (77.0642ms)
✔ safe diagnostic JSON: classified without error text and unknown reserve survives reopening (73.0031ms)
✔ safe diagnostic reflection: classified without error text and unknown reserve survives reopening (70.9694ms)
✔ safe diagnostic raw store: classified without error text and unknown reserve survives reopening (70.0819ms)
✔ safe diagnostic settlement: classified without error text and unknown reserve survives reopening (70.1783ms)
✔ diagnostic normal and missing-configuration controls do not alter raw success or consume a missing-key reservation (69.8957ms)
✔ diagnostic uses descriptors not error getters, and never exports arbitrary error properties (41.5384ms)
✔ local deadline diagnostic remains distinct from transport timeout and late headers cannot rewrite it (105.1041ms)
✔ uncertainty persistence failure is visible without releasing or retrying the reserved call (47.9551ms)
✔ frozen request object cannot be swapped after gateway creation (41.3694ms)
✔ unapproved parameters and non-text content fail before any gateway can be created (33.0601ms)
✔ JSON escaped output value cannot reach recording, response or settlement (79.6303ms)
✔ JSON escaped object key cannot reach recording, response or settlement (75.4398ms)
✔ nested model JSON value cannot reach recording, response or settlement (77.6661ms)
✔ nested model JSON key cannot reach recording, response or settlement (83.1552ms)
✔ twice nested model JSON cannot reach recording, response or settlement (100.2049ms)
✔ discarded duplicate JSON property cannot reach recording, response or settlement (142.3765ms)
✔ normal escaped Chinese and nested JSON retain exact raw bytes and can be recorded and settled (65.3343ms)
ℹ tests 93
ℹ suites 0
ℹ pass 92
ℹ fail 1
ℹ cancelled 0
ℹ skipped 0
ℹ todo 0
ℹ duration_ms 6618.5638

✖ failing tests:

test at scripts\check-mainline-real-input-01.node-test.mjs:14:1
✖ A02 send gate binds new review to original input, grant, old ledger, current code and exact public evidence without sending (726.4013ms)
  AssertionError [ERR_ASSERTION]: The input did not match the regular expression /RECOVERY_GRANT_BINDING/. Input:
  
  'SyntaxError: Unexpected non-whitespace character after JSON at position 3 (line 1 column 4)'
  
      at TestContext.<anonymous> (file:///C:/Users/Winner/student-affairs-multimodal-exp/scripts/check-mainline-real-input-01.node-test.mjs:36:10)
      at Test.runInAsyncScope (node:async_hooks:227:14)
      at Test.run (node:internal/test_runner/test:1325:25)
      at Test.start (node:internal/test_runner/test:1191:17)
      at startSubtestAfterBootstrap (node:internal/test_runner/harness:385:17) {
    generatedMessage: true,
    code: 'ERR_ASSERTION',
    actual: SyntaxError: Unexpected non-whitespace character after JSON at position 3 (line 1 column 4)
        at JSON.parse (<anonymous>)
        at verifyRecoverySendApproval (file:///C:/Users/Winner/student-affairs-multimodal-exp/scripts/run-mainline-real-input-01.mjs:195:41)
        at file:///C:/Users/Winner/student-affairs-multimodal-exp/scripts/check-mainline-real-input-01.node-test.mjs:36:21
        at getActual (node:assert:611:5)
        at strict.throws (node:assert:759:24)
        at TestContext.<anonymous> (file:///C:/Users/Winner/student-affairs-multimodal-exp/scripts/check-mainline-real-input-01.node-test.mjs:36:10)
        at Test.runInAsyncScope (node:async_hooks:227:14)
        at Test.run (node:internal/test_runner/test:1325:25)
        at Test.start (node:internal/test_runner/test:1191:17)
        at startSubtestAfterBootstrap (node:internal/test_runner/harness:385:17),
    expected: /RECOVERY_GRANT_BINDING/,
    operator: 'throws',
    diff: 'simple'
  }
