✔ A02 send gate binds new review to original input, grant, old ledger, current code and exact public evidence without sending (772.9792ms)
✔ recovery scope permits only seven scripts and rejects HEAD, readonly source and protection drift (824.5619ms)
✔ send gate binds independent approval, all current code, input artifacts, exact candidate and current billing without sending (702.0064ms)
✔ binding ties each actual prepared source to its database, unit and engineering carrier (6.5656ms)
▶ local real App serves exact assets, rejects secret paths and unbound endpoints, and retains normal replay
  ✔ real App bundle; no upstream sender or emitted engineering answers (53.8286ms)
  ✔ secret, root traversal and unregistered paths are not a static file server (44.188ms)
  ✔ cross-origin, host substitution and wrong session capability reject (33.0143ms)
  ✔ live endpoint is unavailable in explicit zero-call mode (1.3921ms)
  ✔ valid known engineering source returns labelled replay, unknown source does not fallback (88.8644ms)
✔ local real App serves exact assets, rejects secret paths and unbound endpoints, and retains normal replay (979.2761ms)
✔ separate Node crash after recovery reservation cannot return the grant on reopen (222.6772ms)
✔ recovery rejects expired billing, changed limits and request payload before reservation (108.4211ms)
✔ one-shot A02 recovery preserves A01 unknown cost and prefix while normal completion cannot unlock A03 (160.3627ms)
✔ recovery competing callers and crash/reopen consume at most one new reservation without sending (114.5009ms)
✔ recovery rejects changed prior, target, route and binding fields before ledger writes (516.7873ms)
✔ recovery rejects ordinary pending without the designated transport halt (92.2915ms)
✔ A02 invalid usage and uncertainty retain both reservations and never reopen the grant (259.9147ms)
✔ ambiguous decoded response keys retain full reserve, survive reopen and halt next dispatch (658.2607ms)
✔ valid decoded keys, ordering, whitespace and key-looking model text still settle normally (79.9558ms)
✔ conservative context envelope and integer settlement have no floating-point budget drift (0.3714ms)
✔ normal request reserves durably before completion; only complete usage releases surplus (68.8418ms)
✔ all 24 logical units share one ledger across reopened browser/runner handles (2223.8158ms)
✔ 10 yuan is checked using spent upper cost plus the next full reservation (118.3412ms)
✔ concurrent tabs cannot reserve twice; cross-instance overlap retains one pending request (51.8635ms)
✔ two independent Node processes cannot bypass the shared filesystem lock (123.9974ms)
✔ process restart after a durable reservation never resends or releases it (55.388ms)
✔ timeout/unknown failure retains full reservation and permanently stops this book (58.8397ms)
✔ missing usage cannot settle or release the reservation (55.4665ms)
✔ mismatched total cannot settle or release the reservation (48.8959ms)
✔ zero tokens for nonempty input cannot settle or release the reservation (53.0804ms)
✔ excess input cannot settle or release the reservation (65.3967ms)
✔ excess output cannot settle or release the reservation (65.0442ms)
✔ wrong model cannot settle or release the reservation (51.4423ms)
✔ incomplete response cannot settle or release the reservation (53.1633ms)
✔ unsupported reasoning cannot settle or release the reservation (52.6862ms)
✔ tools cannot settle or release the reservation (54.1246ms)
✔ string usage cannot settle or release the reservation (48.6096ms)
✔ even a parseable HTTP failure is not settled (40.5327ms)
✔ response reuse is a binding anomaly, not another cheap completed call (68.286ms)
✔ price/context/protocol changes halt before dispatch; frozen requests cannot change (46.1894ms)
✔ expired billing review and premature C are rejected (38.0342ms)
✔ returned snapshot cannot change the frozen request, including its byte length (59.4637ms)
✔ snapshot mutation cannot replace B inputs or permit an incompatible C candidate (930.0966ms)
✔ a valid-prefix truncation is detected by the independent write-once receipts (45.6253ms)
✔ missing ledger and abandoned lock do not initialize a fresh allowance (44.6777ms)
✔ recomputing row hashes does not make a mismatched settlement valid (46.7537ms)
✔ manifest changes and response shape tricks fail without coercion (20.1197ms)
✔ pinned route sends no credentials to proxy and dispatches only after verified TLS, once (6.3076ms)
✔ proxy authentication demand and unverified TLS cannot send the API credential or body (0.4661ms)
✔ abort and alternative destination fail before opening a proxy connection (0.2797ms)
✔ the only successful path preserves raw response, binds usage and uses the fixed upstream without redirects (64.0732ms)
✔ credential is not read at gateway initialization or on rejected origins and routes (41.5519ms)
✔ browser cannot supply a model, endpoint, request body, usage or alternative budget book (28.7506ms)
✔ missing credentials do not consume an allowance and are never reflected (36.4797ms)
✔ reserved request cannot be duplicated by a second gateway or service restart (75.7614ms)
✔ concurrent browser and runner cannot dispatch the same logical request twice (67.4278ms)
✔ HTTP failure stops dispatch, retains the full reserve and returns only a safe code (63.3352ms)
✔ redirect stops dispatch, retains the full reserve and returns only a safe code (57.6052ms)
✔ wrong content type stops dispatch, retains the full reserve and returns only a safe code (61.9677ms)
✔ response size exceeded stops dispatch, retains the full reserve and returns only a safe code (61.1399ms)
✔ credential echo stops dispatch, retains the full reserve and returns only a safe code (64ms)
✔ usage missing stops dispatch, retains the full reserve and returns only a safe code (61.6473ms)
✔ model drift stops dispatch, retains the full reserve and returns only a safe code (58.6494ms)
✔ timeout aborts once; late completion cannot settle or append a second response (108.6986ms)
✔ raw-result storage failure cannot release money or silently claim success (49.4468ms)
✔ safe diagnostic DNS: classified without error text and unknown reserve survives reopening (78.409ms)
✔ safe diagnostic connect timeout: classified without error text and unknown reserve survives reopening (76.9699ms)
✔ safe diagnostic TLS: classified without error text and unknown reserve survives reopening (91.5882ms)
✔ safe diagnostic connection reset: classified without error text and unknown reserve survives reopening (87.6035ms)
✔ safe diagnostic unknown code: classified without error text and unknown reserve survives reopening (74.8772ms)
✔ safe diagnostic HTTP 401: classified without error text and unknown reserve survives reopening (74.8217ms)
✔ safe diagnostic HTTP 502: classified without error text and unknown reserve survives reopening (80.8478ms)
✔ safe diagnostic content type: classified without error text and unknown reserve survives reopening (72.8919ms)
✔ safe diagnostic body timeout: classified without error text and unknown reserve survives reopening (75.7479ms)
✔ safe diagnostic oversize: classified without error text and unknown reserve survives reopening (78.3133ms)
✔ safe diagnostic UTF8: classified without error text and unknown reserve survives reopening (75.6598ms)
✔ safe diagnostic JSON: classified without error text and unknown reserve survives reopening (72.1714ms)
✔ safe diagnostic reflection: classified without error text and unknown reserve survives reopening (69.2918ms)
✔ safe diagnostic raw store: classified without error text and unknown reserve survives reopening (71.1316ms)
✔ safe diagnostic settlement: classified without error text and unknown reserve survives reopening (74.9068ms)
✔ diagnostic normal and missing-configuration controls do not alter raw success or consume a missing-key reservation (80.4957ms)
✔ diagnostic uses descriptors not error getters, and never exports arbitrary error properties (41.6253ms)
✔ local deadline diagnostic remains distinct from transport timeout and late headers cannot rewrite it (102.1261ms)
✔ uncertainty persistence failure is visible without releasing or retrying the reserved call (47.73ms)
✔ frozen request object cannot be swapped after gateway creation (46.5362ms)
✔ unapproved parameters and non-text content fail before any gateway can be created (34.4862ms)
✔ JSON escaped output value cannot reach recording, response or settlement (89.032ms)
✔ JSON escaped object key cannot reach recording, response or settlement (81.5222ms)
✔ nested model JSON value cannot reach recording, response or settlement (85.0902ms)
✔ nested model JSON key cannot reach recording, response or settlement (80.1503ms)
✔ twice nested model JSON cannot reach recording, response or settlement (94.7297ms)
✔ discarded duplicate JSON property cannot reach recording, response or settlement (149.8267ms)
✔ normal escaped Chinese and nested JSON retain exact raw bytes and can be recorded and settled (72.2894ms)
ℹ tests 93
ℹ suites 0
ℹ pass 93
ℹ fail 0
ℹ cancelled 0
ℹ skipped 0
ℹ todo 0
ℹ duration_ms 6895.3104
