✖ A02 send gate binds new review to original input, grant, old ledger, current code and exact public evidence without sending (747.5874ms)
✔ recovery scope permits only seven scripts and rejects HEAD, readonly source and protection drift (838.4404ms)
✔ send gate binds independent approval, all current code, input artifacts, exact candidate and current billing without sending (736.1535ms)
✖ binding ties each actual prepared source to its database, unit and engineering carrier (1.0131ms)
▶ local real App serves exact assets, rejects secret paths and unbound endpoints, and retains normal replay
  ✔ real App bundle; no upstream sender or emitted engineering answers (67.3413ms)
  ✔ secret, root traversal and unregistered paths are not a static file server (22.5308ms)
  ✔ cross-origin, host substitution and wrong session capability reject (32.4514ms)
  ✔ live endpoint is unavailable in explicit zero-call mode (13.5331ms)
  ✔ valid known engineering source returns labelled replay, unknown source does not fallback (155.5286ms)
✔ local real App serves exact assets, rejects secret paths and unbound endpoints, and retains normal replay (1704.5231ms)
✔ separate Node crash after recovery reservation cannot return the grant on reopen (208.597ms)
✔ recovery rejects expired billing, changed limits and request payload before reservation (91.4656ms)
✔ one-shot A02 recovery preserves A01 unknown cost and prefix while normal completion cannot unlock A03 (149.004ms)
✔ recovery competing callers and crash/reopen consume at most one new reservation without sending (108.2152ms)
✔ recovery rejects changed prior, target, route and binding fields before ledger writes (490.6798ms)
✔ recovery rejects ordinary pending without the designated transport halt (75.332ms)
✔ A02 invalid usage and uncertainty retain both reservations and never reopen the grant (235.2193ms)
✔ ambiguous decoded response keys retain full reserve, survive reopen and halt next dispatch (711.5415ms)
✔ valid decoded keys, ordering, whitespace and key-looking model text still settle normally (86.0594ms)
✔ conservative context envelope and integer settlement have no floating-point budget drift (0.382ms)
✔ normal request reserves durably before completion; only complete usage releases surplus (68.0801ms)
✔ all 24 logical units share one ledger across reopened browser/runner handles (2250.2096ms)
✔ 10 yuan is checked using spent upper cost plus the next full reservation (117.4431ms)
✔ concurrent tabs cannot reserve twice; cross-instance overlap retains one pending request (48.2415ms)
✔ two independent Node processes cannot bypass the shared filesystem lock (127.2299ms)
✔ process restart after a durable reservation never resends or releases it (59.065ms)
✔ timeout/unknown failure retains full reservation and permanently stops this book (63.6238ms)
✔ missing usage cannot settle or release the reservation (50.9184ms)
✔ mismatched total cannot settle or release the reservation (49.6685ms)
✔ zero tokens for nonempty input cannot settle or release the reservation (49.2231ms)
✔ excess input cannot settle or release the reservation (47.1435ms)
✔ excess output cannot settle or release the reservation (51.3977ms)
✔ wrong model cannot settle or release the reservation (50.105ms)
✔ incomplete response cannot settle or release the reservation (47.8386ms)
✔ unsupported reasoning cannot settle or release the reservation (47.2416ms)
✔ tools cannot settle or release the reservation (48.749ms)
✔ string usage cannot settle or release the reservation (51.5431ms)
✔ even a parseable HTTP failure is not settled (41.6833ms)
✔ response reuse is a binding anomaly, not another cheap completed call (60.1093ms)
✔ price/context/protocol changes halt before dispatch; frozen requests cannot change (42.2286ms)
✔ expired billing review and premature C are rejected (35.6059ms)
✔ returned snapshot cannot change the frozen request, including its byte length (63.1724ms)
✔ snapshot mutation cannot replace B inputs or permit an incompatible C candidate (882.0562ms)
✔ a valid-prefix truncation is detected by the independent write-once receipts (47.971ms)
✔ missing ledger and abandoned lock do not initialize a fresh allowance (45.0439ms)
✔ recomputing row hashes does not make a mismatched settlement valid (47.5104ms)
✔ manifest changes and response shape tricks fail without coercion (19.6918ms)
✔ pinned route sends no credentials to proxy and dispatches only after verified TLS, once (6.1543ms)
✔ proxy authentication demand and unverified TLS cannot send the API credential or body (0.4193ms)
✔ abort and alternative destination fail before opening a proxy connection (0.2563ms)
✔ the only successful path preserves raw response, binds usage and uses the fixed upstream without redirects (63.2123ms)
✔ credential is not read at gateway initialization or on rejected origins and routes (32.8226ms)
✔ browser cannot supply a model, endpoint, request body, usage or alternative budget book (25.4247ms)
✔ missing credentials do not consume an allowance and are never reflected (32.7548ms)
✔ reserved request cannot be duplicated by a second gateway or service restart (66.8792ms)
✔ concurrent browser and runner cannot dispatch the same logical request twice (59.4066ms)
✔ HTTP failure stops dispatch, retains the full reserve and returns only a safe code (55.7916ms)
✔ redirect stops dispatch, retains the full reserve and returns only a safe code (55.454ms)
✔ wrong content type stops dispatch, retains the full reserve and returns only a safe code (57.6241ms)
✔ response size exceeded stops dispatch, retains the full reserve and returns only a safe code (60.1384ms)
✔ credential echo stops dispatch, retains the full reserve and returns only a safe code (56.5583ms)
✔ usage missing stops dispatch, retains the full reserve and returns only a safe code (56.9308ms)
✔ model drift stops dispatch, retains the full reserve and returns only a safe code (55.3234ms)
✔ timeout aborts once; late completion cannot settle or append a second response (105.0035ms)
✔ raw-result storage failure cannot release money or silently claim success (45.7308ms)
✔ safe diagnostic DNS: classified without error text and unknown reserve survives reopening (74.3175ms)
✔ safe diagnostic connect timeout: classified without error text and unknown reserve survives reopening (72.7893ms)
✔ safe diagnostic TLS: classified without error text and unknown reserve survives reopening (70.3734ms)
✔ safe diagnostic connection reset: classified without error text and unknown reserve survives reopening (74.488ms)
✔ safe diagnostic unknown code: classified without error text and unknown reserve survives reopening (71.6789ms)
✔ safe diagnostic HTTP 401: classified without error text and unknown reserve survives reopening (69.6778ms)
✔ safe diagnostic HTTP 502: classified without error text and unknown reserve survives reopening (68.4343ms)
✔ safe diagnostic content type: classified without error text and unknown reserve survives reopening (69.2819ms)
✔ safe diagnostic body timeout: classified without error text and unknown reserve survives reopening (139.0166ms)
✔ safe diagnostic oversize: classified without error text and unknown reserve survives reopening (73.4368ms)
✔ safe diagnostic UTF8: classified without error text and unknown reserve survives reopening (84.6931ms)
✔ safe diagnostic JSON: classified without error text and unknown reserve survives reopening (72.9206ms)
✔ safe diagnostic reflection: classified without error text and unknown reserve survives reopening (68.9251ms)
✔ safe diagnostic raw store: classified without error text and unknown reserve survives reopening (71.6919ms)
✔ safe diagnostic settlement: classified without error text and unknown reserve survives reopening (69.977ms)
✔ diagnostic normal and missing-configuration controls do not alter raw success or consume a missing-key reservation (72.3039ms)
✔ diagnostic uses descriptors not error getters, and never exports arbitrary error properties (49.6142ms)
✔ local deadline diagnostic remains distinct from transport timeout and late headers cannot rewrite it (96.7899ms)
✔ uncertainty persistence failure is visible without releasing or retrying the reserved call (45.5265ms)
✔ frozen request object cannot be swapped after gateway creation (47.2763ms)
✔ unapproved parameters and non-text content fail before any gateway can be created (33.0467ms)
✔ JSON escaped output value cannot reach recording, response or settlement (82.2905ms)
✔ JSON escaped object key cannot reach recording, response or settlement (79.1822ms)
✔ nested model JSON value cannot reach recording, response or settlement (76.4358ms)
✔ nested model JSON key cannot reach recording, response or settlement (75.2794ms)
✔ twice nested model JSON cannot reach recording, response or settlement (76.925ms)
✔ discarded duplicate JSON property cannot reach recording, response or settlement (79.0059ms)
✔ normal escaped Chinese and nested JSON retain exact raw bytes and can be recorded and settled (55.403ms)
ℹ tests 93
ℹ suites 0
ℹ pass 91
ℹ fail 2
ℹ cancelled 0
ℹ skipped 0
ℹ todo 0
ℹ duration_ms 6756.3936

✖ failing tests:

test at scripts\check-mainline-real-input-01.node-test.mjs:13:1
✖ A02 send gate binds new review to original input, grant, old ledger, current code and exact public evidence without sending (747.5874ms)
  ReferenceError: resolve is not defined
      at TestContext.<anonymous> (file:///C:/Users/Winner/student-affairs-multimodal-exp/scripts/check-mainline-real-input-01.node-test.mjs:21:81)
      at Test.runInAsyncScope (node:async_hooks:227:14)
      at Test.run (node:internal/test_runner/test:1325:25)
      at Test.start (node:internal/test_runner/test:1191:17)
      at startSubtestAfterBootstrap (node:internal/test_runner/harness:385:17)

test at scripts\check-mainline-real-input-01.node-test.mjs:73:1
✖ binding ties each actual prepared source to its database, unit and engineering carrier (1.0131ms)
  AssertionError [ERR_ASSERTION]: explicit new browser evidence paths are required
      at TestContext.<anonymous> (file:///C:/Users/Winner/student-affairs-multimodal-exp/scripts/check-mainline-real-input-01.node-test.mjs:75:10)
      at Test.runInAsyncScope (node:async_hooks:227:14)
      at Test.run (node:internal/test_runner/test:1325:25)
      at Test.processPendingSubtests (node:internal/test_runner/test:911:18)
      at Test.postRun (node:internal/test_runner/test:1465:19)
      at Test.run (node:internal/test_runner/test:1390:12)
      at async Test.processPendingSubtests (node:internal/test_runner/test:911:7) {
    generatedMessage: false,
    code: 'ERR_ASSERTION',
    actual: undefined,
    expected: true,
    operator: '==',
    diff: 'simple'
  }
