✔ conservative context envelope and integer settlement have no floating-point budget drift (1.9238ms)
✔ normal request reserves durably before completion; only complete usage releases surplus (88.4384ms)
✔ all 24 logical units share one ledger across reopened browser/runner handles (2203.6862ms)
✔ 10 yuan is checked using spent upper cost plus the next full reservation (125.1559ms)
✔ concurrent tabs cannot reserve twice; cross-instance overlap retains one pending request (52.6205ms)
✔ two independent Node processes cannot bypass the shared filesystem lock (178.1603ms)
✔ process restart after a durable reservation never resends or releases it (92.927ms)
✔ timeout/unknown failure retains full reservation and permanently stops this book (65.4282ms)
✔ missing usage cannot settle or release the reservation (56.8669ms)
✔ mismatched total cannot settle or release the reservation (58.2045ms)
✔ zero tokens for nonempty input cannot settle or release the reservation (90.9426ms)
✔ excess input cannot settle or release the reservation (55.8546ms)
✔ excess output cannot settle or release the reservation (62.3357ms)
✔ wrong model cannot settle or release the reservation (68.0562ms)
✔ incomplete response cannot settle or release the reservation (59.2951ms)
✔ unsupported reasoning cannot settle or release the reservation (60.4753ms)
✔ tools cannot settle or release the reservation (91.9215ms)
✔ string usage cannot settle or release the reservation (66.2491ms)
✔ even a parseable HTTP failure is not settled (50.6181ms)
✔ response reuse is a binding anomaly, not another cheap completed call (73.2599ms)
✔ price/context/protocol changes halt before dispatch; frozen requests cannot change (52.367ms)
✔ expired billing review and premature C are rejected (75.3672ms)
✖ returned snapshot cannot change the frozen request, including its byte length (43.1644ms)
✖ snapshot mutation cannot replace B inputs or permit an incompatible C candidate (846.4259ms)
✔ a valid-prefix truncation is detected by the independent write-once receipts (55.5459ms)
✔ missing ledger and abandoned lock do not initialize a fresh allowance (48.7526ms)
✔ recomputing row hashes does not make a mismatched settlement valid (86.3052ms)
✔ manifest changes and response shape tricks fail without coercion (21.8405ms)
ℹ tests 28
ℹ suites 0
ℹ pass 26
ℹ fail 2
ℹ cancelled 0
ℹ skipped 0
ℹ todo 0
ℹ duration_ms 4957.9763

✖ failing tests:

test at scripts\real-input-budget.node-test.mjs:145:3
✖ returned snapshot cannot change the frozen request, including its byte length (43.1644ms)
  AssertionError [ERR_ASSERTION]: Missing expected rejection.
      at async TestContext.<anonymous> (file:///C:/Users/Winner/student-affairs-multimodal-exp/scripts/real-input-budget.node-test.mjs:148:5)
      at async Test.run (node:internal/test_runner/test:1332:7)
      at async Test.processPendingSubtests (node:internal/test_runner/test:911:7) {
    generatedMessage: false,
    code: 'ERR_ASSERTION',
    actual: undefined,
    expected: /REQUEST_NOT_FROZEN/,
    operator: 'rejects',
    diff: 'simple'
  }

test at scripts\real-input-budget.node-test.mjs:154:3
✖ snapshot mutation cannot replace B inputs or permit an incompatible C candidate (846.4259ms)
  AssertionError [ERR_ASSERTION]: Missing expected rejection.
      at async TestContext.<anonymous> (file:///C:/Users/Winner/student-affairs-multimodal-exp/scripts/real-input-budget.node-test.mjs:159:5)
      at async Test.run (node:internal/test_runner/test:1332:7)
      at async Test.processPendingSubtests (node:internal/test_runner/test:911:7) {
    generatedMessage: false,
    code: 'ERR_ASSERTION',
    actual: undefined,
    expected: undefined,
    operator: 'rejects',
    diff: 'simple'
  }
