TAP version 13
# Subtest: the only successful path preserves raw response, binds usage and uses the fixed upstream without redirects
ok 1 - the only successful path preserves raw response, binds usage and uses the fixed upstream without redirects
  ---
  duration_ms: 81.5358
  type: 'test'
  ...
# Subtest: credential is not read at gateway initialization or on rejected origins and routes
ok 2 - credential is not read at gateway initialization or on rejected origins and routes
  ---
  duration_ms: 38.6027
  type: 'test'
  ...
# Subtest: browser cannot supply a model, endpoint, request body, usage or alternative budget book
ok 3 - browser cannot supply a model, endpoint, request body, usage or alternative budget book
  ---
  duration_ms: 26.1673
  type: 'test'
  ...
# Subtest: missing credentials do not consume an allowance and are never reflected
ok 4 - missing credentials do not consume an allowance and are never reflected
  ---
  duration_ms: 29.0081
  type: 'test'
  ...
# Subtest: reserved request cannot be duplicated by a second gateway or service restart
ok 5 - reserved request cannot be duplicated by a second gateway or service restart
  ---
  duration_ms: 63.3643
  type: 'test'
  ...
# Subtest: concurrent browser and runner cannot dispatch the same logical request twice
ok 6 - concurrent browser and runner cannot dispatch the same logical request twice
  ---
  duration_ms: 60.4555
  type: 'test'
  ...
# Subtest: HTTP failure stops dispatch, retains the full reserve and returns only a safe code
ok 7 - HTTP failure stops dispatch, retains the full reserve and returns only a safe code
  ---
  duration_ms: 60.3562
  type: 'test'
  ...
# Subtest: redirect stops dispatch, retains the full reserve and returns only a safe code
ok 8 - redirect stops dispatch, retains the full reserve and returns only a safe code
  ---
  duration_ms: 61.0258
  type: 'test'
  ...
# Subtest: wrong content type stops dispatch, retains the full reserve and returns only a safe code
ok 9 - wrong content type stops dispatch, retains the full reserve and returns only a safe code
  ---
  duration_ms: 59.9136
  type: 'test'
  ...
# Subtest: response size exceeded stops dispatch, retains the full reserve and returns only a safe code
ok 10 - response size exceeded stops dispatch, retains the full reserve and returns only a safe code
  ---
  duration_ms: 69.5314
  type: 'test'
  ...
# Subtest: credential echo stops dispatch, retains the full reserve and returns only a safe code
ok 11 - credential echo stops dispatch, retains the full reserve and returns only a safe code
  ---
  duration_ms: 68.4439
  type: 'test'
  ...
# Subtest: usage missing stops dispatch, retains the full reserve and returns only a safe code
ok 12 - usage missing stops dispatch, retains the full reserve and returns only a safe code
  ---
  duration_ms: 63.9051
  type: 'test'
  ...
# Subtest: model drift stops dispatch, retains the full reserve and returns only a safe code
ok 13 - model drift stops dispatch, retains the full reserve and returns only a safe code
  ---
  duration_ms: 68.4685
  type: 'test'
  ...
# Subtest: timeout aborts once; late completion cannot settle or append a second response
ok 14 - timeout aborts once; late completion cannot settle or append a second response
  ---
  duration_ms: 116.8808
  type: 'test'
  ...
# Subtest: raw-result storage failure cannot release money or silently claim success
ok 15 - raw-result storage failure cannot release money or silently claim success
  ---
  duration_ms: 55.3121
  type: 'test'
  ...
# Subtest: frozen request object cannot be swapped after gateway creation
ok 16 - frozen request object cannot be swapped after gateway creation
  ---
  duration_ms: 46.2459
  type: 'test'
  ...
# Subtest: unapproved parameters and non-text content fail before any gateway can be created
ok 17 - unapproved parameters and non-text content fail before any gateway can be created
  ---
  duration_ms: 40.3369
  type: 'test'
  ...
1..17
# tests 17
# suites 0
# pass 17
# fail 0
# cancelled 0
# skipped 0
# todo 0
# duration_ms 1108.0963
